<?xml version="1.0" encoding="ISO-8859-1" ?>
<link_info>
   <banner>TMS320C2000 Linker PC v22.6.2.LTS</banner>
   <copyright>Copyright (c) 1996-2018 Texas Instruments Incorporated</copyright>
   <link_time>0x695f255f</link_time>
   <link_errors>0x0</link_errors>
   <output_file>MPR_500kW.out</output_file>
   <entry_point>
      <name>_c_int00</name>
      <address>0x339088</address>
   </entry_point>
   <input_file_list>
      <input_file id="fl-2">
         <path>.\App\Can\</path>
         <kind>object</kind>
         <file>can_app.obj</file>
         <name>can_app.obj</name>
      </input_file>
      <input_file id="fl-3">
         <path>.\Arithmetic\</path>
         <kind>object</kind>
         <file>Arithmetic.obj</file>
         <name>Arithmetic.obj</name>
      </input_file>
      <input_file id="fl-4">
         <path>.\Arithmetic\</path>
         <kind>object</kind>
         <file>CtrlSource.obj</file>
         <name>CtrlSource.obj</name>
      </input_file>
      <input_file id="fl-5">
         <path>.\Arithmetic\</path>
         <kind>object</kind>
         <file>CurrHarmCtrl.obj</file>
         <name>CurrHarmCtrl.obj</name>
      </input_file>
      <input_file id="fl-6">
         <path>.\Arithmetic\</path>
         <kind>object</kind>
         <file>NprCtrl.obj</file>
         <name>NprCtrl.obj</name>
      </input_file>
      <input_file id="fl-7">
         <path>.\ECANA\</path>
         <kind>object</kind>
         <file>DSP28335_ECanA_Protocol_V1.0.obj</file>
         <name>DSP28335_ECanA_Protocol_V1.0.obj</name>
      </input_file>
      <input_file id="fl-8">
         <path>.\ECANA\</path>
         <kind>object</kind>
         <file>DSP28335_ECanA_Reg_V1.0.obj</file>
         <name>DSP28335_ECanA_Reg_V1.0.obj</name>
      </input_file>
      <input_file id="fl-9">
         <path>.\ECANA\</path>
         <kind>object</kind>
         <file>ECANA_CH1_NPR_Table_V1.0.obj</file>
         <name>ECANA_CH1_NPR_Table_V1.0.obj</name>
      </input_file>
      <input_file id="fl-a">
         <path>.\ECANA\</path>
         <kind>object</kind>
         <file>ECANA_Data_Process.obj</file>
         <name>ECANA_Data_Process.obj</name>
      </input_file>
      <input_file id="fl-b">
         <path>D:\workspaces\MPR_500kW\DSP28335_Project\source\ECANA\</path>
         <kind>object</kind>
         <file>Pub_ECAN_CHx_Protocol_V1.0.obj</file>
         <name>Pub_ECAN_CHx_Protocol_V1.0.obj</name>
      </input_file>
      <input_file id="fl-c">
         <path>.\ECANB\</path>
         <kind>object</kind>
         <file>DSP28335_ECanB_Protocol_V1.0.obj</file>
         <name>DSP28335_ECanB_Protocol_V1.0.obj</name>
      </input_file>
      <input_file id="fl-d">
         <path>.\ECANB\</path>
         <kind>object</kind>
         <file>DSP28335_ECanB_Reg_V1.0.obj</file>
         <name>DSP28335_ECanB_Reg_V1.0.obj</name>
      </input_file>
      <input_file id="fl-e">
         <path>.\ECANB\</path>
         <kind>object</kind>
         <file>ECANB_Data_Process.obj</file>
         <name>ECANB_Data_Process.obj</name>
      </input_file>
      <input_file id="fl-f">
         <path>.\ECANB\</path>
         <kind>object</kind>
         <file>MCS2MPR_Protocol_V1.0.obj</file>
         <name>MCS2MPR_Protocol_V1.0.obj</name>
      </input_file>
      <input_file id="fl-10">
         <path>.\ECANB\</path>
         <kind>object</kind>
         <file>MCS2MPR_Table_V1.0.obj</file>
         <name>MCS2MPR_Table_V1.0.obj</name>
      </input_file>
      <input_file id="fl-11">
         <path>.\MCBSP_FLASH\</path>
         <kind>object</kind>
         <file>DSP2833x_MCBSPB_Reg.obj</file>
         <name>DSP2833x_MCBSPB_Reg.obj</name>
      </input_file>
      <input_file id="fl-12">
         <path>D:\workspaces\MPR_500kW\DSP28335_Project\source\MCBSP_Flash\</path>
         <kind>object</kind>
         <file>Flash_CMD_Macro_V2.00.obj</file>
         <name>Flash_CMD_Macro_V2.00.obj</name>
      </input_file>
      <input_file id="fl-13">
         <path>D:\workspaces\MPR_500kW\DSP28335_Project\source\MCBSP_Flash\</path>
         <kind>object</kind>
         <file>Flash_CMD_SET_V2.00.obj</file>
         <name>Flash_CMD_SET_V2.00.obj</name>
      </input_file>
      <input_file id="fl-14">
         <path>D:\workspaces\MPR_500kW\DSP28335_Project\source\MCBSP_Flash\</path>
         <kind>object</kind>
         <file>Flash_Comm_V1.10.obj</file>
         <name>Flash_Comm_V1.10.obj</name>
      </input_file>
      <input_file id="fl-15">
         <path>.\Main\</path>
         <kind>object</kind>
         <file>Comm_VariableDef.obj</file>
         <name>Comm_VariableDef.obj</name>
      </input_file>
      <input_file id="fl-16">
         <path>.\Main\</path>
         <kind>object</kind>
         <file>Main.obj</file>
         <name>Main.obj</name>
      </input_file>
      <input_file id="fl-17">
         <path>.\Main\</path>
         <kind>object</kind>
         <file>VariableDef.obj</file>
         <name>VariableDef.obj</name>
      </input_file>
      <input_file id="fl-18">
         <path>.\Reg_Source\</path>
         <kind>object</kind>
         <file>DSP28335EPWM.obj</file>
         <name>DSP28335EPWM.obj</name>
      </input_file>
      <input_file id="fl-19">
         <path>.\Reg_Source\</path>
         <kind>object</kind>
         <file>DSP28335_Adc_V11.obj</file>
         <name>DSP28335_Adc_V11.obj</name>
      </input_file>
      <input_file id="fl-1a">
         <path>.\Reg_Source\</path>
         <kind>object</kind>
         <file>DSP28335_Xintf_V1.0.obj</file>
         <name>DSP28335_Xintf_V1.0.obj</name>
      </input_file>
      <input_file id="fl-1b">
         <path>.\Reg_Source\</path>
         <kind>object</kind>
         <file>DSP2833x_DMA_Reg_V1.00_MCBSPA.obj</file>
         <name>DSP2833x_DMA_Reg_V1.00_MCBSPA.obj</name>
      </input_file>
      <input_file id="fl-1c">
         <path>.\Reg_Source\</path>
         <kind>object</kind>
         <file>DSP2833x_Gpio.obj</file>
         <name>DSP2833x_Gpio.obj</name>
      </input_file>
      <input_file id="fl-1d">
         <path>.\Reg_Source\</path>
         <kind>object</kind>
         <file>Zone7Data.obj</file>
         <name>Zone7Data.obj</name>
      </input_file>
      <input_file id="fl-1e">
         <path>.\SCI_ModbusM\</path>
         <kind>object</kind>
         <file>Energy_DataProcess.obj</file>
         <name>Energy_DataProcess.obj</name>
      </input_file>
      <input_file id="fl-1f">
         <path>.\SCI_ModbusM\</path>
         <kind>object</kind>
         <file>ModbusM_Protocol.obj</file>
         <name>ModbusM_Protocol.obj</name>
      </input_file>
      <input_file id="fl-20">
         <path>.\SCI_ModbusM\</path>
         <kind>object</kind>
         <file>Sci_ModbusM_Config.obj</file>
         <name>Sci_ModbusM_Config.obj</name>
      </input_file>
      <input_file id="fl-21">
         <path>.\SCI_ModbusS\</path>
         <kind>object</kind>
         <file>ModbusRTU_APP.obj</file>
         <name>ModbusRTU_APP.obj</name>
      </input_file>
      <input_file id="fl-22">
         <path>.\SCI_ModbusS\</path>
         <kind>object</kind>
         <file>ModbusRTU_Protocol.obj</file>
         <name>ModbusRTU_Protocol.obj</name>
      </input_file>
      <input_file id="fl-23">
         <path>.\SCI_ModbusS\</path>
         <kind>object</kind>
         <file>Modbus_Data_Process.obj</file>
         <name>Modbus_Data_Process.obj</name>
      </input_file>
      <input_file id="fl-24">
         <path>.\SCI_ModbusS\</path>
         <kind>object</kind>
         <file>RTU_ParaDefine.obj</file>
         <name>RTU_ParaDefine.obj</name>
      </input_file>
      <input_file id="fl-25">
         <path>.\SCI_ModbusS\</path>
         <kind>object</kind>
         <file>Sci_Modbus_Config.obj</file>
         <name>Sci_Modbus_Config.obj</name>
      </input_file>
      <input_file id="fl-26">
         <path>D:\workspaces\MPR_500kW\DSP28335_Project\source\SCI_monitor\</path>
         <kind>object</kind>
         <file>DataLog_V1.11_20160712.obj</file>
         <name>DataLog_V1.11_20160712.obj</name>
      </input_file>
      <input_file id="fl-27">
         <path>D:\workspaces\MPR_500kW\DSP28335_Project\source\SCI_monitor\</path>
         <kind>object</kind>
         <file>EventLog_V1.11_20160712.obj</file>
         <name>EventLog_V1.11_20160712.obj</name>
      </input_file>
      <input_file id="fl-28">
         <path>D:\workspaces\MPR_500kW\DSP28335_Project\source\SCI_monitor\</path>
         <kind>object</kind>
         <file>MessageParse_V1.06_20160712.obj</file>
         <name>MessageParse_V1.06_20160712.obj</name>
      </input_file>
      <input_file id="fl-29">
         <path>D:\workspaces\MPR_500kW\DSP28335_Project\source\SCI_monitor\</path>
         <kind>object</kind>
         <file>ParaDeal_V1.06_20160712.obj</file>
         <name>ParaDeal_V1.06_20160712.obj</name>
      </input_file>
      <input_file id="fl-2a">
         <path>.\SCI_Monitor\</path>
         <kind>object</kind>
         <file>ParaDefine.obj</file>
         <name>ParaDefine.obj</name>
      </input_file>
      <input_file id="fl-2b">
         <path>.\SCI_Monitor\</path>
         <kind>object</kind>
         <file>SciBConfig_IO.obj</file>
         <name>SciBConfig_IO.obj</name>
      </input_file>
      <input_file id="fl-2c">
         <path>.\SCI_Monitor\</path>
         <kind>object</kind>
         <file>Version_Protocol.obj</file>
         <name>Version_Protocol.obj</name>
      </input_file>
      <input_file id="fl-2d">
         <path>.\SCI_Monitor\</path>
         <kind>object</kind>
         <file>Version_Table.obj</file>
         <name>Version_Table.obj</name>
      </input_file>
      <input_file id="fl-2e">
         <path>D:\workspaces\MPR_500kW\DSP28335_Project\source\SCI_monitor\</path>
         <kind>object</kind>
         <file>softscope_V1.03_20160712.obj</file>
         <name>softscope_V1.03_20160712.obj</name>
      </input_file>
      <input_file id="fl-2f">
         <path>.\SDK\Agent\Can\</path>
         <kind>object</kind>
         <file>can_agent.obj</file>
         <name>can_agent.obj</name>
      </input_file>
      <input_file id="fl-30">
         <path>.\SDK\Drivers\</path>
         <kind>object</kind>
         <file>CanDrive.obj</file>
         <name>CanDrive.obj</name>
      </input_file>
      <input_file id="fl-31">
         <path>.\SDK\Drivers\</path>
         <kind>object</kind>
         <file>TimerDrive.obj</file>
         <name>TimerDrive.obj</name>
      </input_file>
      <input_file id="fl-32">
         <path>.\SDK\Hal\Can\</path>
         <kind>object</kind>
         <file>can_fifo.obj</file>
         <name>can_fifo.obj</name>
      </input_file>
      <input_file id="fl-33">
         <path>.\SDK\Hal\Can\</path>
         <kind>object</kind>
         <file>hal_can.obj</file>
         <name>hal_can.obj</name>
      </input_file>
      <input_file id="fl-34">
         <path>.\SDK\Hal\Event\</path>
         <kind>object</kind>
         <file>event.obj</file>
         <name>event.obj</name>
      </input_file>
      <input_file id="fl-35">
         <path>.\SDK\Hal\Timer\</path>
         <kind>object</kind>
         <file>hal_timer.obj</file>
         <name>hal_timer.obj</name>
      </input_file>
      <input_file id="fl-36">
         <path>D:\workspaces\MPR_500kW\DSP28335_Project\source\SPI_EEPROM\</path>
         <kind>object</kind>
         <file>DSP28335_Spi_EEPROM_Protocol_V1.0.obj</file>
         <name>DSP28335_Spi_EEPROM_Protocol_V1.0.obj</name>
      </input_file>
      <input_file id="fl-37">
         <path>.\SPI_EEPROM\</path>
         <kind>object</kind>
         <file>DSP28335_Spi_Reg_V1.0.obj</file>
         <name>DSP28335_Spi_Reg_V1.0.obj</name>
      </input_file>
      <input_file id="fl-38">
         <path>D:\workspaces\MPR_500kW\DSP28335_Project\source\SPI_EEPROM\</path>
         <kind>object</kind>
         <file>EEPROM_APP_V1.04_20150513.obj</file>
         <name>EEPROM_APP_V1.04_20150513.obj</name>
      </input_file>
      <input_file id="fl-39">
         <path>.\Services\Adapter\</path>
         <kind>object</kind>
         <file>can_adapter.obj</file>
         <name>can_adapter.obj</name>
      </input_file>
      <input_file id="fl-3a">
         <path>.\Services\Logic\</path>
         <kind>object</kind>
         <file>section_cabinet.obj</file>
         <name>section_cabinet.obj</name>
      </input_file>
      <input_file id="fl-3b">
         <path>.\System\</path>
         <kind>object</kind>
         <file>DSP28335_CpuTimers.obj</file>
         <name>DSP28335_CpuTimers.obj</name>
      </input_file>
      <input_file id="fl-3c">
         <path>.\System\</path>
         <kind>object</kind>
         <file>DSP2833x_ADC_cal.obj</file>
         <name>DSP2833x_ADC_cal.obj</name>
      </input_file>
      <input_file id="fl-3d">
         <path>.\System\</path>
         <kind>object</kind>
         <file>DSP2833x_CodeStartBranch.obj</file>
         <name>DSP2833x_CodeStartBranch.obj</name>
      </input_file>
      <input_file id="fl-3e">
         <path>.\System\</path>
         <kind>object</kind>
         <file>DSP2833x_DefaultIsr.obj</file>
         <name>DSP2833x_DefaultIsr.obj</name>
      </input_file>
      <input_file id="fl-3f">
         <path>.\System\</path>
         <kind>object</kind>
         <file>DSP2833x_GlobalVariableDefs.obj</file>
         <name>DSP2833x_GlobalVariableDefs.obj</name>
      </input_file>
      <input_file id="fl-40">
         <path>.\System\</path>
         <kind>object</kind>
         <file>DSP2833x_PieCtrl.obj</file>
         <name>DSP2833x_PieCtrl.obj</name>
      </input_file>
      <input_file id="fl-41">
         <path>.\System\</path>
         <kind>object</kind>
         <file>DSP2833x_PieVect.obj</file>
         <name>DSP2833x_PieVect.obj</name>
      </input_file>
      <input_file id="fl-42">
         <path>.\System\</path>
         <kind>object</kind>
         <file>DSP2833x_SysCtrl.obj</file>
         <name>DSP2833x_SysCtrl.obj</name>
      </input_file>
      <input_file id="fl-48">
         <kind>object</kind>
         <file>&lt;internal&gt;</file>
         <name>&lt;internal&gt;</name>
      </input_file>
      <input_file id="fl-49">
         <path>D:\workspaces\MPR_500kW\DSP2833x_common\lib\</path>
         <kind>archive</kind>
         <file>IQmath_fpu32.lib</file>
         <name>IQ1div.obj</name>
      </input_file>
      <input_file id="fl-4a">
         <path>D:\workspaces\MPR_500kW\DSP2833x_common\lib\</path>
         <kind>archive</kind>
         <file>IQmath_fpu32.lib</file>
         <name>IQmathTables.obj</name>
      </input_file>
      <input_file id="fl-56">
         <path>D:\ccs\ccsv6\tools\compiler\ti-cgt-c2000_22.6.2.LTS\lib\</path>
         <kind>archive</kind>
         <file>rts2800_fpu32.lib</file>
         <name>s_cosf.c.obj</name>
      </input_file>
      <input_file id="fl-57">
         <path>D:\ccs\ccsv6\tools\compiler\ti-cgt-c2000_22.6.2.LTS\lib\</path>
         <kind>archive</kind>
         <file>rts2800_fpu32.lib</file>
         <name>s_sinf.c.obj</name>
      </input_file>
      <input_file id="fl-58">
         <path>D:\ccs\ccsv6\tools\compiler\ti-cgt-c2000_22.6.2.LTS\lib\</path>
         <kind>archive</kind>
         <file>rts2800_fpu32.lib</file>
         <name>boot28.asm.obj</name>
      </input_file>
      <input_file id="fl-59">
         <path>D:\ccs\ccsv6\tools\compiler\ti-cgt-c2000_22.6.2.LTS\lib\</path>
         <kind>archive</kind>
         <file>rts2800_fpu32.lib</file>
         <name>fs_div28.asm.obj</name>
      </input_file>
      <input_file id="fl-5a">
         <path>D:\ccs\ccsv6\tools\compiler\ti-cgt-c2000_22.6.2.LTS\lib\</path>
         <kind>archive</kind>
         <file>rts2800_fpu32.lib</file>
         <name>i_div28.asm.obj</name>
      </input_file>
      <input_file id="fl-5b">
         <path>D:\ccs\ccsv6\tools\compiler\ti-cgt-c2000_22.6.2.LTS\lib\</path>
         <kind>archive</kind>
         <file>rts2800_fpu32.lib</file>
         <name>u_div28.asm.obj</name>
      </input_file>
      <input_file id="fl-5c">
         <path>D:\ccs\ccsv6\tools\compiler\ti-cgt-c2000_22.6.2.LTS\lib\</path>
         <kind>archive</kind>
         <file>rts2800_fpu32.lib</file>
         <name>l_div28.asm.obj</name>
      </input_file>
      <input_file id="fl-5d">
         <path>D:\ccs\ccsv6\tools\compiler\ti-cgt-c2000_22.6.2.LTS\lib\</path>
         <kind>archive</kind>
         <file>rts2800_fpu32.lib</file>
         <name>cpy_tbl.c.obj</name>
      </input_file>
      <input_file id="fl-5e">
         <path>D:\ccs\ccsv6\tools\compiler\ti-cgt-c2000_22.6.2.LTS\lib\</path>
         <kind>archive</kind>
         <file>rts2800_fpu32.lib</file>
         <name>memcpy.c.obj</name>
      </input_file>
      <input_file id="fl-5f">
         <path>D:\ccs\ccsv6\tools\compiler\ti-cgt-c2000_22.6.2.LTS\lib\</path>
         <kind>archive</kind>
         <file>rts2800_fpu32.lib</file>
         <name>pre_init.c.obj</name>
      </input_file>
      <input_file id="fl-60">
         <path>D:\ccs\ccsv6\tools\compiler\ti-cgt-c2000_22.6.2.LTS\lib\</path>
         <kind>archive</kind>
         <file>rts2800_fpu32.lib</file>
         <name>startup.c.obj</name>
      </input_file>
      <input_file id="fl-61">
         <path>D:\ccs\ccsv6\tools\compiler\ti-cgt-c2000_22.6.2.LTS\lib\</path>
         <kind>archive</kind>
         <file>rts2800_fpu32.lib</file>
         <name>exit.c.obj</name>
      </input_file>
      <input_file id="fl-62">
         <path>D:\ccs\ccsv6\tools\compiler\ti-cgt-c2000_22.6.2.LTS\lib\</path>
         <kind>archive</kind>
         <file>rts2800_fpu32.lib</file>
         <name>_lock.c.obj</name>
      </input_file>
      <input_file id="fl-63">
         <path>D:\ccs\ccsv6\tools\compiler\ti-cgt-c2000_22.6.2.LTS\lib\</path>
         <kind>archive</kind>
         <file>rts2800_fpu32.lib</file>
         <name>args_main.c.obj</name>
      </input_file>
      <input_file id="fl-64">
         <path>D:\ccs\ccsv6\tools\compiler\ti-cgt-c2000_22.6.2.LTS\lib\</path>
         <kind>archive</kind>
         <file>rts2800_fpu32.lib</file>
         <name>memset.c.obj</name>
      </input_file>
   </input_file_list>
   <object_component_list>
      <object_component id="oc-1ce">
         <name>PieVectTableFile</name>
         <uninitialized>true</uninitialized>
         <run_address>0xd00</run_address>
         <size>0x100</size>
         <input_file_ref idref="fl-3f"/>
      </object_component>
      <object_component id="oc-1ca">
         <name>DevEmuRegsFile</name>
         <uninitialized>true</uninitialized>
         <run_address>0x880</run_address>
         <size>0xd0</size>
         <input_file_ref idref="fl-3f"/>
      </object_component>
      <object_component id="oc-1a2">
         <name>FlashRegsFile</name>
         <uninitialized>true</uninitialized>
         <run_address>0xa80</run_address>
         <size>0x8</size>
         <input_file_ref idref="fl-3f"/>
      </object_component>
      <object_component id="oc-1a5">
         <name>CsmRegsFile</name>
         <uninitialized>true</uninitialized>
         <run_address>0xae0</run_address>
         <size>0x10</size>
         <input_file_ref idref="fl-3f"/>
      </object_component>
      <object_component id="oc-1a4">
         <name>AdcMirrorFile</name>
         <uninitialized>true</uninitialized>
         <run_address>0xb00</run_address>
         <size>0x10</size>
         <input_file_ref idref="fl-3f"/>
      </object_component>
      <object_component id="oc-1ad">
         <name>XintfRegsFile</name>
         <uninitialized>true</uninitialized>
         <run_address>0xb20</run_address>
         <size>0x1e</size>
         <input_file_ref idref="fl-3f"/>
      </object_component>
      <object_component id="oc-19e">
         <name>CpuTimer0RegsFile</name>
         <uninitialized>true</uninitialized>
         <run_address>0xc00</run_address>
         <size>0x8</size>
         <input_file_ref idref="fl-3f"/>
      </object_component>
      <object_component id="oc-19f">
         <name>CpuTimer1RegsFile</name>
         <uninitialized>true</uninitialized>
         <run_address>0xc08</run_address>
         <size>0x8</size>
         <input_file_ref idref="fl-3f"/>
      </object_component>
      <object_component id="oc-1a0">
         <name>CpuTimer2RegsFile</name>
         <uninitialized>true</uninitialized>
         <run_address>0xc10</run_address>
         <size>0x8</size>
         <input_file_ref idref="fl-3f"/>
      </object_component>
      <object_component id="oc-1ab">
         <name>PieCtrlRegsFile</name>
         <uninitialized>true</uninitialized>
         <run_address>0xce0</run_address>
         <size>0x1a</size>
         <input_file_ref idref="fl-3f"/>
      </object_component>
      <object_component id="oc-1cb">
         <name>DmaRegsFile</name>
         <uninitialized>true</uninitialized>
         <run_address>0x1000</run_address>
         <size>0xe0</size>
         <input_file_ref idref="fl-3f"/>
      </object_component>
      <object_component id="oc-1bd">
         <name>McbspaRegsFile</name>
         <uninitialized>true</uninitialized>
         <run_address>0x5000</run_address>
         <size>0x25</size>
         <input_file_ref idref="fl-3f"/>
      </object_component>
      <object_component id="oc-1be">
         <name>McbspbRegsFile</name>
         <uninitialized>true</uninitialized>
         <run_address>0x5040</run_address>
         <size>0x25</size>
         <input_file_ref idref="fl-3f"/>
      </object_component>
      <object_component id="oc-1c0">
         <name>ECanaRegsFile</name>
         <uninitialized>true</uninitialized>
         <run_address>0x6000</run_address>
         <size>0x34</size>
         <input_file_ref idref="fl-3f"/>
      </object_component>
      <object_component id="oc-1c2">
         <name>ECanaLAMRegsFile</name>
         <uninitialized>true</uninitialized>
         <run_address>0x6040</run_address>
         <size>0x40</size>
         <input_file_ref idref="fl-3f"/>
      </object_component>
      <object_component id="oc-1cc">
         <name>ECanaMboxesFile</name>
         <uninitialized>true</uninitialized>
         <run_address>0x6100</run_address>
         <size>0x100</size>
         <input_file_ref idref="fl-3f"/>
      </object_component>
      <object_component id="oc-1c3">
         <name>ECanaMOTSRegsFile</name>
         <uninitialized>true</uninitialized>
         <run_address>0x6080</run_address>
         <size>0x40</size>
         <input_file_ref idref="fl-3f"/>
      </object_component>
      <object_component id="oc-1c4">
         <name>ECanaMOTORegsFile</name>
         <uninitialized>true</uninitialized>
         <run_address>0x60c0</run_address>
         <size>0x40</size>
         <input_file_ref idref="fl-3f"/>
      </object_component>
      <object_component id="oc-1c1">
         <name>ECanbRegsFile</name>
         <uninitialized>true</uninitialized>
         <run_address>0x6200</run_address>
         <size>0x34</size>
         <input_file_ref idref="fl-3f"/>
      </object_component>
      <object_component id="oc-1c5">
         <name>ECanbLAMRegsFile</name>
         <uninitialized>true</uninitialized>
         <run_address>0x6240</run_address>
         <size>0x40</size>
         <input_file_ref idref="fl-3f"/>
      </object_component>
      <object_component id="oc-1cd">
         <name>ECanbMboxesFile</name>
         <uninitialized>true</uninitialized>
         <run_address>0x6300</run_address>
         <size>0x100</size>
         <input_file_ref idref="fl-3f"/>
      </object_component>
      <object_component id="oc-1c6">
         <name>ECanbMOTSRegsFile</name>
         <uninitialized>true</uninitialized>
         <run_address>0x6280</run_address>
         <size>0x40</size>
         <input_file_ref idref="fl-3f"/>
      </object_component>
      <object_component id="oc-1c7">
         <name>ECanbMOTORegsFile</name>
         <uninitialized>true</uninitialized>
         <run_address>0x62c0</run_address>
         <size>0x40</size>
         <input_file_ref idref="fl-3f"/>
      </object_component>
      <object_component id="oc-1b6">
         <name>EPwm1RegsFile</name>
         <uninitialized>true</uninitialized>
         <run_address>0x6800</run_address>
         <size>0x22</size>
         <input_file_ref idref="fl-3f"/>
      </object_component>
      <object_component id="oc-1b7">
         <name>EPwm2RegsFile</name>
         <uninitialized>true</uninitialized>
         <run_address>0x6840</run_address>
         <size>0x22</size>
         <input_file_ref idref="fl-3f"/>
      </object_component>
      <object_component id="oc-1b8">
         <name>EPwm3RegsFile</name>
         <uninitialized>true</uninitialized>
         <run_address>0x6880</run_address>
         <size>0x22</size>
         <input_file_ref idref="fl-3f"/>
      </object_component>
      <object_component id="oc-1b9">
         <name>EPwm4RegsFile</name>
         <uninitialized>true</uninitialized>
         <run_address>0x68c0</run_address>
         <size>0x22</size>
         <input_file_ref idref="fl-3f"/>
      </object_component>
      <object_component id="oc-1ba">
         <name>EPwm5RegsFile</name>
         <uninitialized>true</uninitialized>
         <run_address>0x6900</run_address>
         <size>0x22</size>
         <input_file_ref idref="fl-3f"/>
      </object_component>
      <object_component id="oc-1bb">
         <name>EPwm6RegsFile</name>
         <uninitialized>true</uninitialized>
         <run_address>0x6940</run_address>
         <size>0x22</size>
         <input_file_ref idref="fl-3f"/>
      </object_component>
      <object_component id="oc-1ae">
         <name>ECap1RegsFile</name>
         <uninitialized>true</uninitialized>
         <run_address>0x6a00</run_address>
         <size>0x20</size>
         <input_file_ref idref="fl-3f"/>
      </object_component>
      <object_component id="oc-1af">
         <name>ECap2RegsFile</name>
         <uninitialized>true</uninitialized>
         <run_address>0x6a20</run_address>
         <size>0x20</size>
         <input_file_ref idref="fl-3f"/>
      </object_component>
      <object_component id="oc-1b0">
         <name>ECap3RegsFile</name>
         <uninitialized>true</uninitialized>
         <run_address>0x6a40</run_address>
         <size>0x20</size>
         <input_file_ref idref="fl-3f"/>
      </object_component>
      <object_component id="oc-1b1">
         <name>ECap4RegsFile</name>
         <uninitialized>true</uninitialized>
         <run_address>0x6a60</run_address>
         <size>0x20</size>
         <input_file_ref idref="fl-3f"/>
      </object_component>
      <object_component id="oc-1b2">
         <name>ECap5RegsFile</name>
         <uninitialized>true</uninitialized>
         <run_address>0x6a80</run_address>
         <size>0x20</size>
         <input_file_ref idref="fl-3f"/>
      </object_component>
      <object_component id="oc-1b3">
         <name>ECap6RegsFile</name>
         <uninitialized>true</uninitialized>
         <run_address>0x6aa0</run_address>
         <size>0x20</size>
         <input_file_ref idref="fl-3f"/>
      </object_component>
      <object_component id="oc-1c8">
         <name>EQep1RegsFile</name>
         <uninitialized>true</uninitialized>
         <run_address>0x6b00</run_address>
         <size>0x40</size>
         <input_file_ref idref="fl-3f"/>
      </object_component>
      <object_component id="oc-1c9">
         <name>EQep2RegsFile</name>
         <uninitialized>true</uninitialized>
         <run_address>0x6b40</run_address>
         <size>0x40</size>
         <input_file_ref idref="fl-3f"/>
      </object_component>
      <object_component id="oc-1bf">
         <name>GpioCtrlRegsFile</name>
         <uninitialized>true</uninitialized>
         <run_address>0x6f80</run_address>
         <size>0x2e</size>
         <input_file_ref idref="fl-3f"/>
      </object_component>
      <object_component id="oc-1b4">
         <name>GpioDataRegsFile</name>
         <uninitialized>true</uninitialized>
         <run_address>0x6fc0</run_address>
         <size>0x20</size>
         <input_file_ref idref="fl-3f"/>
      </object_component>
      <object_component id="oc-1a3">
         <name>GpioIntRegsFile</name>
         <uninitialized>true</uninitialized>
         <run_address>0x6fe0</run_address>
         <size>0xa</size>
         <input_file_ref idref="fl-3f"/>
      </object_component>
      <object_component id="oc-1b5">
         <name>SysCtrlRegsFile</name>
         <uninitialized>true</uninitialized>
         <run_address>0x7010</run_address>
         <size>0x20</size>
         <input_file_ref idref="fl-3f"/>
      </object_component>
      <object_component id="oc-1a9">
         <name>SpiaRegsFile</name>
         <uninitialized>true</uninitialized>
         <run_address>0x7040</run_address>
         <size>0x10</size>
         <input_file_ref idref="fl-3f"/>
      </object_component>
      <object_component id="oc-1a6">
         <name>SciaRegsFile</name>
         <uninitialized>true</uninitialized>
         <run_address>0x7050</run_address>
         <size>0x10</size>
         <input_file_ref idref="fl-3f"/>
      </object_component>
      <object_component id="oc-1aa">
         <name>XIntruptRegsFile</name>
         <uninitialized>true</uninitialized>
         <run_address>0x7070</run_address>
         <size>0x10</size>
         <input_file_ref idref="fl-3f"/>
      </object_component>
      <object_component id="oc-1ac">
         <name>AdcRegsFile</name>
         <uninitialized>true</uninitialized>
         <run_address>0x7100</run_address>
         <size>0x1e</size>
         <input_file_ref idref="fl-3f"/>
      </object_component>
      <object_component id="oc-1a7">
         <name>ScibRegsFile</name>
         <uninitialized>true</uninitialized>
         <run_address>0x7750</run_address>
         <size>0x10</size>
         <input_file_ref idref="fl-3f"/>
      </object_component>
      <object_component id="oc-1a8">
         <name>ScicRegsFile</name>
         <uninitialized>true</uninitialized>
         <run_address>0x7770</run_address>
         <size>0x10</size>
         <input_file_ref idref="fl-3f"/>
      </object_component>
      <object_component id="oc-1bc">
         <name>I2caRegsFile</name>
         <uninitialized>true</uninitialized>
         <run_address>0x7900</run_address>
         <size>0x22</size>
         <input_file_ref idref="fl-3f"/>
      </object_component>
      <object_component id="oc-1a1">
         <name>CsmPwlFile</name>
         <uninitialized>true</uninitialized>
         <run_address>0x33fff8</run_address>
         <size>0x8</size>
         <input_file_ref idref="fl-3f"/>
      </object_component>
      <object_component id="oc-19d">
         <name>PartIdRegsFile</name>
         <uninitialized>true</uninitialized>
         <run_address>0x380090</run_address>
         <size>0x1</size>
         <input_file_ref idref="fl-3f"/>
      </object_component>
      <object_component id="oc-bd">
         <name>.cinit</name>
         <load_address>0x339382</load_address>
         <run_address>0x339382</run_address>
         <size>0x981</size>
         <input_file_ref idref="fl-17"/>
      </object_component>
      <object_component id="oc-b3">
         <name>.cinit</name>
         <load_address>0x339d03</load_address>
         <run_address>0x339d03</run_address>
         <size>0x244</size>
         <input_file_ref idref="fl-15"/>
      </object_component>
      <object_component id="oc-24f">
         <name>.cinit:_DataLog_ChannelSend</name>
         <load_address>0x339f47</load_address>
         <run_address>0x339f47</run_address>
         <size>0x85</size>
         <input_file_ref idref="fl-15"/>
      </object_component>
      <object_component id="oc-268">
         <name>.cinit:_DataLog_Trig</name>
         <load_address>0x339fcc</load_address>
         <run_address>0x339fcc</run_address>
         <size>0x85</size>
         <input_file_ref idref="fl-15"/>
      </object_component>
      <object_component id="oc-263">
         <name>.cinit:_DataLog_AnalogAddr</name>
         <load_address>0x33a051</load_address>
         <run_address>0x33a051</run_address>
         <size>0x43</size>
         <input_file_ref idref="fl-15"/>
      </object_component>
      <object_component id="oc-266">
         <name>.cinit:_DataLog_DigitAddr</name>
         <load_address>0x33a094</load_address>
         <run_address>0x33a094</run_address>
         <size>0x43</size>
         <input_file_ref idref="fl-15"/>
      </object_component>
      <object_component id="oc-2ea">
         <name>.cinit:_GroupCtrl</name>
         <load_address>0x33a0d7</load_address>
         <run_address>0x33a0d7</run_address>
         <size>0x26</size>
         <input_file_ref idref="fl-2a"/>
      </object_component>
      <object_component id="oc-10d">
         <name>.cinit</name>
         <load_address>0x33a0fd</load_address>
         <run_address>0x33a0fd</run_address>
         <size>0x23</size>
         <input_file_ref idref="fl-26"/>
      </object_component>
      <object_component id="oc-251">
         <name>.cinit:_DataLog_SaveAnalogCHID</name>
         <load_address>0x33a120</load_address>
         <run_address>0x33a120</run_address>
         <size>0x23</size>
         <input_file_ref idref="fl-15"/>
      </object_component>
      <object_component id="oc-26a">
         <name>.cinit:_DataLog_SaveDigitCHBit</name>
         <load_address>0x33a143</load_address>
         <run_address>0x33a143</run_address>
         <size>0x23</size>
         <input_file_ref idref="fl-15"/>
      </object_component>
      <object_component id="oc-253">
         <name>.cinit:_DataLog_SaveDigitCHID</name>
         <load_address>0x33a166</load_address>
         <run_address>0x33a166</run_address>
         <size>0x23</size>
         <input_file_ref idref="fl-15"/>
      </object_component>
      <object_component id="oc-13d">
         <name>.cinit</name>
         <load_address>0x33a189</load_address>
         <run_address>0x33a189</run_address>
         <size>0x20</size>
         <input_file_ref idref="fl-2f"/>
      </object_component>
      <object_component id="oc-160">
         <name>.cinit</name>
         <load_address>0x33a1a9</load_address>
         <run_address>0x33a1a9</run_address>
         <size>0x1b</size>
         <input_file_ref idref="fl-35"/>
      </object_component>
      <object_component id="oc-71">
         <name>.cinit</name>
         <load_address>0x33a1c4</load_address>
         <run_address>0x33a1c4</run_address>
         <size>0x18</size>
         <input_file_ref idref="fl-9"/>
      </object_component>
      <object_component id="oc-128">
         <name>.cinit</name>
         <load_address>0x33a1dc</load_address>
         <run_address>0x33a1dc</run_address>
         <size>0x18</size>
         <input_file_ref idref="fl-2b"/>
      </object_component>
      <object_component id="oc-153">
         <name>.cinit</name>
         <load_address>0x33a1f4</load_address>
         <run_address>0x33a1f4</run_address>
         <size>0x14</size>
         <input_file_ref idref="fl-33"/>
      </object_component>
      <object_component id="oc-2f0">
         <name>.cinit:_CANARPDO</name>
         <load_address>0x33a208</load_address>
         <run_address>0x33a208</run_address>
         <size>0x13</size>
         <input_file_ref idref="fl-15"/>
      </object_component>
      <object_component id="oc-2f2">
         <name>.cinit:_CANATPDO</name>
         <load_address>0x33a21b</load_address>
         <run_address>0x33a21b</run_address>
         <size>0x13</size>
         <input_file_ref idref="fl-15"/>
      </object_component>
      <object_component id="oc-2f9">
         <name>.cinit:_CANBRPDO</name>
         <load_address>0x33a22e</load_address>
         <run_address>0x33a22e</run_address>
         <size>0x13</size>
         <input_file_ref idref="fl-15"/>
      </object_component>
      <object_component id="oc-2f7">
         <name>.cinit:_CANBTPDO</name>
         <load_address>0x33a241</load_address>
         <run_address>0x33a241</run_address>
         <size>0x13</size>
         <input_file_ref idref="fl-15"/>
      </object_component>
      <object_component id="oc-26f">
         <name>.cinit:_Monitor_ADDR</name>
         <load_address>0x33a254</load_address>
         <run_address>0x33a254</run_address>
         <size>0x13</size>
         <input_file_ref idref="fl-2a"/>
      </object_component>
      <object_component id="oc-e6">
         <name>.cinit</name>
         <load_address>0x33a267</load_address>
         <run_address>0x33a267</run_address>
         <size>0x11</size>
         <input_file_ref idref="fl-1f"/>
      </object_component>
      <object_component id="oc-8b">
         <name>.cinit</name>
         <load_address>0x33a278</load_address>
         <run_address>0x33a278</run_address>
         <size>0x10</size>
         <input_file_ref idref="fl-e"/>
      </object_component>
      <object_component id="oc-92">
         <name>.cinit</name>
         <load_address>0x33a288</load_address>
         <run_address>0x33a288</run_address>
         <size>0x10</size>
         <input_file_ref idref="fl-f"/>
      </object_component>
      <object_component id="oc-99">
         <name>.cinit</name>
         <load_address>0x33a298</load_address>
         <run_address>0x33a298</run_address>
         <size>0x10</size>
         <input_file_ref idref="fl-10"/>
      </object_component>
      <object_component id="oc-2ca">
         <name>.cinit:_Conv_Type_Ver</name>
         <load_address>0x33a2a8</load_address>
         <run_address>0x33a2a8</run_address>
         <size>0xf</size>
         <input_file_ref idref="fl-2d"/>
      </object_component>
      <object_component id="oc-21d">
         <name>.cinit</name>
         <load_address>0x33a2b7</load_address>
         <run_address>0x33a2b7</run_address>
         <size>0xe</size>
         <input_file_ref idref="fl-61"/>
      </object_component>
      <object_component id="oc-114">
         <name>.cinit</name>
         <load_address>0x33a2c5</load_address>
         <run_address>0x33a2c5</run_address>
         <size>0xd</size>
         <input_file_ref idref="fl-27"/>
      </object_component>
      <object_component id="oc-65">
         <name>.cinit</name>
         <load_address>0x33a2d2</load_address>
         <run_address>0x33a2d2</run_address>
         <size>0xc</size>
         <input_file_ref idref="fl-7"/>
      </object_component>
      <object_component id="oc-2cc">
         <name>.cinit:_Conv_List_Ver</name>
         <load_address>0x33a2de</load_address>
         <run_address>0x33a2de</run_address>
         <size>0xc</size>
         <input_file_ref idref="fl-2d"/>
      </object_component>
      <object_component id="oc-25d">
         <name>.cinit:_DataLog_TrigAnalogAddr</name>
         <load_address>0x33a2ea</load_address>
         <run_address>0x33a2ea</run_address>
         <size>0xb</size>
         <input_file_ref idref="fl-15"/>
      </object_component>
      <object_component id="oc-261">
         <name>.cinit:_DataLog_TrigDigitAddr</name>
         <load_address>0x33a2f5</load_address>
         <run_address>0x33a2f5</run_address>
         <size>0xb</size>
         <input_file_ref idref="fl-15"/>
      </object_component>
      <object_component id="oc-2c8">
         <name>.cinit:_RTM_File_Ver</name>
         <load_address>0x33a300</load_address>
         <run_address>0x33a300</run_address>
         <size>0xa</size>
         <input_file_ref idref="fl-2d"/>
      </object_component>
      <object_component id="oc-2fb">
         <name>.cinit:_Soft_Ver</name>
         <load_address>0x33a30a</load_address>
         <run_address>0x33a30a</run_address>
         <size>0xa</size>
         <input_file_ref idref="fl-2d"/>
      </object_component>
      <object_component id="oc-5c">
         <name>.cinit</name>
         <load_address>0x33a314</load_address>
         <run_address>0x33a314</run_address>
         <size>0x8</size>
         <input_file_ref idref="fl-5"/>
      </object_component>
      <object_component id="oc-7f">
         <name>.cinit</name>
         <load_address>0x33a31c</load_address>
         <run_address>0x33a31c</run_address>
         <size>0x8</size>
         <input_file_ref idref="fl-c"/>
      </object_component>
      <object_component id="oc-ad">
         <name>.cinit</name>
         <load_address>0x33a324</load_address>
         <run_address>0x33a324</run_address>
         <size>0x8</size>
         <input_file_ref idref="fl-14"/>
      </object_component>
      <object_component id="oc-257">
         <name>.cinit:_DataLog_TrigAnalogCHID</name>
         <load_address>0x33a32c</load_address>
         <run_address>0x33a32c</run_address>
         <size>0x7</size>
         <input_file_ref idref="fl-15"/>
      </object_component>
      <object_component id="oc-259">
         <name>.cinit:_DataLog_TrigAnalogCHThr</name>
         <load_address>0x33a333</load_address>
         <run_address>0x33a333</run_address>
         <size>0x7</size>
         <input_file_ref idref="fl-15"/>
      </object_component>
      <object_component id="oc-25f">
         <name>.cinit:_DataLog_TrigAnalogValueOld</name>
         <load_address>0x33a33a</load_address>
         <run_address>0x33a33a</run_address>
         <size>0x7</size>
         <input_file_ref idref="fl-15"/>
      </object_component>
      <object_component id="oc-255">
         <name>.cinit:_DataLog_TrigDigitCHBit</name>
         <load_address>0x33a341</load_address>
         <run_address>0x33a341</run_address>
         <size>0x7</size>
         <input_file_ref idref="fl-15"/>
      </object_component>
      <object_component id="oc-25b">
         <name>.cinit:_DataLog_TrigDigitCHID</name>
         <load_address>0x33a348</load_address>
         <run_address>0x33a348</run_address>
         <size>0x7</size>
         <input_file_ref idref="fl-15"/>
      </object_component>
      <object_component id="oc-2aa">
         <name>.cinit:_FPGA_Ver</name>
         <load_address>0x33a34f</load_address>
         <run_address>0x33a34f</run_address>
         <size>0x7</size>
         <input_file_ref idref="fl-2d"/>
      </object_component>
      <object_component id="oc-322">
         <name>.cinit:_RTUGroup</name>
         <load_address>0x33a356</load_address>
         <run_address>0x33a356</run_address>
         <size>0x7</size>
         <input_file_ref idref="fl-24"/>
      </object_component>
      <object_component id="oc-2de">
         <name>.cinit:_ResSample</name>
         <load_address>0x33a35d</load_address>
         <run_address>0x33a35d</run_address>
         <size>0x5</size>
         <input_file_ref idref="fl-17"/>
      </object_component>
      <object_component id="oc-2d2">
         <name>.cinit:_SpCAN_CallbackTx</name>
         <load_address>0x33a362</load_address>
         <run_address>0x33a362</run_address>
         <size>0x5</size>
         <input_file_ref idref="fl-33"/>
      </object_component>
      <object_component id="oc-2a8">
         <name>.cinit:_TemprCalc</name>
         <load_address>0x33a367</load_address>
         <run_address>0x33a367</run_address>
         <size>0x5</size>
         <input_file_ref idref="fl-17"/>
      </object_component>
      <object_component id="oc-2dc">
         <name>.cinit:_VolSample</name>
         <load_address>0x33a36c</load_address>
         <run_address>0x33a36c</run_address>
         <size>0x5</size>
         <input_file_ref idref="fl-17"/>
      </object_component>
      <object_component id="oc-27c">
         <name>.cinit:__lock</name>
         <load_address>0x33a371</load_address>
         <run_address>0x33a371</run_address>
         <size>0x5</size>
         <input_file_ref idref="fl-62"/>
      </object_component>
      <object_component id="oc-2d5">
         <name>.cinit:__unlock</name>
         <load_address>0x33a376</load_address>
         <run_address>0x33a376</run_address>
         <size>0x5</size>
         <input_file_ref idref="fl-62"/>
      </object_component>
      <object_component id="oc-28a">
         <name>.cinit:_fCycBuf</name>
         <load_address>0x33a37b</load_address>
         <run_address>0x33a37b</run_address>
         <size>0x5</size>
         <input_file_ref idref="fl-16"/>
      </object_component>
      <object_component id="oc-242">
         <name>.cinit:_fIsrBuf</name>
         <load_address>0x33a380</load_address>
         <run_address>0x33a380</run_address>
         <size>0x5</size>
         <input_file_ref idref="fl-16"/>
      </object_component>
      <object_component id="oc-28c">
         <name>.cinit:_lCycBuf</name>
         <load_address>0x33a385</load_address>
         <run_address>0x33a385</run_address>
         <size>0x5</size>
         <input_file_ref idref="fl-16"/>
      </object_component>
      <object_component id="oc-240">
         <name>.cinit:_lIsrBuf</name>
         <load_address>0x33a38a</load_address>
         <run_address>0x33a38a</run_address>
         <size>0x5</size>
         <input_file_ref idref="fl-16"/>
      </object_component>
      <object_component id="oc-4b">
         <name>.cinit</name>
         <load_address>0x33a38f</load_address>
         <run_address>0x33a38f</run_address>
         <size>0x5</size>
         <input_file_ref idref="fl-2"/>
      </object_component>
      <object_component id="oc-17e">
         <name>.cinit</name>
         <load_address>0x33a394</load_address>
         <run_address>0x33a394</run_address>
         <size>0x5</size>
         <input_file_ref idref="fl-3a"/>
      </object_component>
      <object_component id="oc-172">
         <name>.cinit</name>
         <load_address>0x33a399</load_address>
         <run_address>0x33a399</run_address>
         <size>0x4</size>
         <input_file_ref idref="fl-38"/>
      </object_component>
      <object_component id="oc-124">
         <name>.cinit</name>
         <load_address>0x33a39d</load_address>
         <run_address>0x33a39d</run_address>
         <size>0x4</size>
         <input_file_ref idref="fl-2a"/>
      </object_component>
      <object_component id="oc-103">
         <name>.cinit</name>
         <load_address>0x33a3a1</load_address>
         <run_address>0x33a3a1</run_address>
         <size>0x4</size>
         <input_file_ref idref="fl-24"/>
      </object_component>
      <object_component id="oc-ed">
         <name>.cinit</name>
         <load_address>0x33a3a5</load_address>
         <run_address>0x33a3a5</run_address>
         <size>0x4</size>
         <input_file_ref idref="fl-20"/>
      </object_component>
      <object_component id="oc-2e8">
         <name>.cinit:_HoldRegBuf</name>
         <load_address>0x33a3a9</load_address>
         <run_address>0x33a3a9</run_address>
         <size>0x4</size>
         <input_file_ref idref="fl-24"/>
      </object_component>
      <object_component id="oc-2e6">
         <name>.cinit:_InputRegBuf</name>
         <load_address>0x33a3ad</load_address>
         <run_address>0x33a3ad</run_address>
         <size>0x4</size>
         <input_file_ref idref="fl-24"/>
      </object_component>
      <object_component id="oc-2d8">
         <name>.cinit:_InterADValue</name>
         <load_address>0x33a3b1</load_address>
         <run_address>0x33a3b1</run_address>
         <size>0x4</size>
         <input_file_ref idref="fl-17"/>
      </object_component>
      <object_component id="oc-295">
         <name>.cinit:_Modbus_RecvBuffer</name>
         <load_address>0x33a3b5</load_address>
         <run_address>0x33a3b5</run_address>
         <size>0x4</size>
         <input_file_ref idref="fl-15"/>
      </object_component>
      <object_component id="oc-297">
         <name>.cinit:_Modbus_SendBuffer</name>
         <load_address>0x33a3b9</load_address>
         <run_address>0x33a3b9</run_address>
         <size>0x4</size>
         <input_file_ref idref="fl-15"/>
      </object_component>
      <object_component id="oc-2da">
         <name>.cinit:_NTC_tempf</name>
         <load_address>0x33a3bd</load_address>
         <run_address>0x33a3bd</run_address>
         <size>0x4</size>
         <input_file_ref idref="fl-17"/>
      </object_component>
      <object_component id="oc-28e">
         <name>.cinit:_iCycBuf</name>
         <load_address>0x33a3c1</load_address>
         <run_address>0x33a3c1</run_address>
         <size>0x4</size>
         <input_file_ref idref="fl-16"/>
      </object_component>
      <object_component id="oc-290">
         <name>.cinit:_iIsrBuf</name>
         <load_address>0x33a3c5</load_address>
         <run_address>0x33a3c5</run_address>
         <size>0x4</size>
         <input_file_ref idref="fl-16"/>
      </object_component>
      <object_component id="oc-137">
         <name>.cinit</name>
         <load_address>0x33a3c9</load_address>
         <run_address>0x33a3c9</run_address>
         <size>0x4</size>
         <input_file_ref idref="fl-2e"/>
      </object_component>
      <object_component id="oc-23c">
         <name>.text</name>
         <load_address>0x330000</load_address>
         <run_address>0x330000</run_address>
         <size>0x16ae</size>
         <input_file_ref idref="fl-16"/>
      </object_component>
      <object_component id="oc-10b">
         <name>.text</name>
         <load_address>0x3316ae</load_address>
         <run_address>0x3316ae</run_address>
         <size>0xbba</size>
         <input_file_ref idref="fl-26"/>
      </object_component>
      <object_component id="oc-79">
         <name>.text</name>
         <load_address>0x332268</load_address>
         <run_address>0x332268</run_address>
         <size>0x8ff</size>
         <input_file_ref idref="fl-b"/>
      </object_component>
      <object_component id="oc-2a3">
         <name>.text</name>
         <load_address>0x332b67</load_address>
         <run_address>0x332b67</run_address>
         <size>0x7a2</size>
         <input_file_ref idref="fl-f"/>
      </object_component>
      <object_component id="oc-166">
         <name>.text</name>
         <load_address>0x333309</load_address>
         <run_address>0x333309</run_address>
         <size>0x640</size>
         <input_file_ref idref="fl-36"/>
      </object_component>
      <object_component id="oc-244">
         <name>.text</name>
         <load_address>0x333949</load_address>
         <run_address>0x333949</run_address>
         <size>0x5cb</size>
         <input_file_ref idref="fl-3"/>
      </object_component>
      <object_component id="oc-243">
         <name>.text</name>
         <load_address>0x333f14</load_address>
         <run_address>0x333f14</run_address>
         <size>0x4e0</size>
         <input_file_ref idref="fl-4"/>
      </object_component>
      <object_component id="oc-112">
         <name>.text</name>
         <load_address>0x3343f4</load_address>
         <run_address>0x3343f4</run_address>
         <size>0x4ce</size>
         <input_file_ref idref="fl-27"/>
      </object_component>
      <object_component id="oc-23d">
         <name>.text</name>
         <load_address>0x3348c2</load_address>
         <run_address>0x3348c2</run_address>
         <size>0x486</size>
         <input_file_ref idref="fl-1a"/>
      </object_component>
      <object_component id="oc-b7">
         <name>.text:retain</name>
         <load_address>0x334d48</load_address>
         <run_address>0x334d48</run_address>
         <size>0x47d</size>
         <input_file_ref idref="fl-16"/>
      </object_component>
      <object_component id="oc-293">
         <name>.text</name>
         <load_address>0x3351c5</load_address>
         <run_address>0x3351c5</run_address>
         <size>0x44d</size>
         <input_file_ref idref="fl-23"/>
      </object_component>
      <object_component id="oc-ab">
         <name>.text</name>
         <load_address>0x335612</load_address>
         <run_address>0x335612</run_address>
         <size>0x416</size>
         <input_file_ref idref="fl-14"/>
      </object_component>
      <object_component id="oc-246">
         <name>.text</name>
         <load_address>0x335a28</load_address>
         <run_address>0x335a28</run_address>
         <size>0x415</size>
         <input_file_ref idref="fl-7"/>
      </object_component>
      <object_component id="oc-285">
         <name>.text</name>
         <load_address>0x335e3d</load_address>
         <run_address>0x335e3d</run_address>
         <size>0x3b1</size>
         <input_file_ref idref="fl-1f"/>
      </object_component>
      <object_component id="oc-288">
         <name>.text</name>
         <load_address>0x3361ee</load_address>
         <run_address>0x3361ee</run_address>
         <size>0x31c</size>
         <input_file_ref idref="fl-19"/>
      </object_component>
      <object_component id="oc-197">
         <name>.text:retain</name>
         <load_address>0x33650a</load_address>
         <run_address>0x33650a</run_address>
         <size>0x316</size>
         <input_file_ref idref="fl-3e"/>
      </object_component>
      <object_component id="oc-2ce">
         <name>.text</name>
         <load_address>0x336820</load_address>
         <run_address>0x336820</run_address>
         <size>0x2ec</size>
         <input_file_ref idref="fl-30"/>
      </object_component>
      <object_component id="oc-119">
         <name>.text</name>
         <load_address>0x336b0c</load_address>
         <run_address>0x336b0c</run_address>
         <size>0x2e2</size>
         <input_file_ref idref="fl-28"/>
      </object_component>
      <object_component id="oc-135">
         <name>.text</name>
         <load_address>0x336dee</load_address>
         <run_address>0x336dee</run_address>
         <size>0x2c5</size>
         <input_file_ref idref="fl-2e"/>
      </object_component>
      <object_component id="oc-23e">
         <name>.text</name>
         <load_address>0x3370b3</load_address>
         <run_address>0x3370b3</run_address>
         <size>0x29e</size>
         <input_file_ref idref="fl-17"/>
      </object_component>
      <object_component id="oc-11e">
         <name>.text</name>
         <load_address>0x337351</load_address>
         <run_address>0x337351</run_address>
         <size>0x29d</size>
         <input_file_ref idref="fl-29"/>
      </object_component>
      <object_component id="oc-170">
         <name>.text</name>
         <load_address>0x3375ee</load_address>
         <run_address>0x3375ee</run_address>
         <size>0x28a</size>
         <input_file_ref idref="fl-38"/>
      </object_component>
      <object_component id="oc-299">
         <name>.text</name>
         <load_address>0x337878</load_address>
         <run_address>0x337878</run_address>
         <size>0x22d</size>
         <input_file_ref idref="fl-18"/>
      </object_component>
      <object_component id="oc-2a6">
         <name>.text</name>
         <load_address>0x337aa5</load_address>
         <run_address>0x337aa5</run_address>
         <size>0x1d8</size>
         <input_file_ref idref="fl-c"/>
      </object_component>
      <object_component id="oc-2eb">
         <name>.text</name>
         <load_address>0x337c7d</load_address>
         <run_address>0x337c7d</run_address>
         <size>0x19f</size>
         <input_file_ref idref="fl-22"/>
      </object_component>
      <object_component id="oc-2cd">
         <name>.text</name>
         <load_address>0x337e1c</load_address>
         <run_address>0x337e1c</run_address>
         <size>0x19f</size>
         <input_file_ref idref="fl-32"/>
      </object_component>
      <object_component id="oc-278">
         <name>.text</name>
         <load_address>0x337fbb</load_address>
         <run_address>0x337fbb</run_address>
         <size>0x19a</size>
         <input_file_ref idref="fl-33"/>
      </object_component>
      <object_component id="oc-282">
         <name>.text</name>
         <load_address>0x338155</load_address>
         <run_address>0x338155</run_address>
         <size>0x181</size>
         <input_file_ref idref="fl-2b"/>
      </object_component>
      <object_component id="oc-281">
         <name>.text</name>
         <load_address>0x3382d6</load_address>
         <run_address>0x3382d6</run_address>
         <size>0x167</size>
         <input_file_ref idref="fl-d"/>
      </object_component>
      <object_component id="oc-a6">
         <name>.text</name>
         <load_address>0x33843d</load_address>
         <run_address>0x33843d</run_address>
         <size>0x135</size>
         <input_file_ref idref="fl-13"/>
      </object_component>
      <object_component id="oc-298">
         <name>.text</name>
         <load_address>0x338572</load_address>
         <run_address>0x338572</run_address>
         <size>0x128</size>
         <input_file_ref idref="fl-21"/>
      </object_component>
      <object_component id="oc-280">
         <name>.text</name>
         <load_address>0x33869a</load_address>
         <run_address>0x33869a</run_address>
         <size>0x115</size>
         <input_file_ref idref="fl-8"/>
      </object_component>
      <object_component id="oc-239">
         <name>.text</name>
         <load_address>0x3387af</load_address>
         <run_address>0x3387af</run_address>
         <size>0x115</size>
         <input_file_ref idref="fl-1c"/>
      </object_component>
      <object_component id="oc-284">
         <name>.text</name>
         <load_address>0x3388c4</load_address>
         <run_address>0x3388c4</run_address>
         <size>0xfb</size>
         <input_file_ref idref="fl-20"/>
      </object_component>
      <object_component id="oc-27d">
         <name>.text</name>
         <load_address>0x3389bf</load_address>
         <run_address>0x3389bf</run_address>
         <size>0xf2</size>
         <input_file_ref idref="fl-42"/>
      </object_component>
      <object_component id="oc-15a">
         <name>.text:retain</name>
         <load_address>0x338ab1</load_address>
         <run_address>0x338ab1</run_address>
         <size>0xdc</size>
         <input_file_ref idref="fl-34"/>
      </object_component>
      <object_component id="oc-283">
         <name>.text</name>
         <load_address>0x338b8d</load_address>
         <run_address>0x338b8d</run_address>
         <size>0xc1</size>
         <input_file_ref idref="fl-25"/>
      </object_component>
      <object_component id="oc-270">
         <name>.text</name>
         <load_address>0x338c4e</load_address>
         <run_address>0x338c4e</run_address>
         <size>0xbc</size>
         <input_file_ref idref="fl-2c"/>
      </object_component>
      <object_component id="oc-2a4">
         <name>.text</name>
         <load_address>0x338d0a</load_address>
         <run_address>0x338d0a</run_address>
         <size>0xaf</size>
         <input_file_ref idref="fl-e"/>
      </object_component>
      <object_component id="oc-238">
         <name>.text</name>
         <load_address>0x338db9</load_address>
         <run_address>0x338db9</run_address>
         <size>0x8d</size>
         <input_file_ref idref="fl-1b"/>
      </object_component>
      <object_component id="oc-1f4">
         <name>.text</name>
         <load_address>0x338e46</load_address>
         <run_address>0x338e46</run_address>
         <size>0x88</size>
         <input_file_ref idref="fl-59"/>
      </object_component>
      <object_component id="oc-279">
         <name>.text</name>
         <load_address>0x338ece</load_address>
         <run_address>0x338ece</run_address>
         <size>0x79</size>
         <input_file_ref idref="fl-35"/>
      </object_component>
      <object_component id="oc-a1">
         <name>.text</name>
         <load_address>0x338f47</load_address>
         <run_address>0x338f47</run_address>
         <size>0x78</size>
         <input_file_ref idref="fl-12"/>
      </object_component>
      <object_component id="oc-2ac">
         <name>.text</name>
         <load_address>0x338fbf</load_address>
         <run_address>0x338fbf</run_address>
         <size>0x66</size>
         <input_file_ref idref="fl-57"/>
      </object_component>
      <object_component id="oc-2ab">
         <name>.text</name>
         <load_address>0x339025</load_address>
         <run_address>0x339025</run_address>
         <size>0x63</size>
         <input_file_ref idref="fl-56"/>
      </object_component>
      <object_component id="oc-49">
         <name>.text</name>
         <load_address>0x339088</load_address>
         <run_address>0x339088</run_address>
         <size>0x56</size>
         <input_file_ref idref="fl-58"/>
      </object_component>
      <object_component id="oc-27f">
         <name>.text</name>
         <load_address>0x3390de</load_address>
         <run_address>0x3390de</run_address>
         <size>0x51</size>
         <input_file_ref idref="fl-3b"/>
      </object_component>
      <object_component id="oc-286">
         <name>.text</name>
         <load_address>0x33912f</load_address>
         <run_address>0x33912f</run_address>
         <size>0x4d</size>
         <input_file_ref idref="fl-37"/>
      </object_component>
      <object_component id="oc-2d3">
         <name>.text</name>
         <load_address>0x33917c</load_address>
         <run_address>0x33917c</run_address>
         <size>0x4c</size>
         <input_file_ref idref="fl-31"/>
      </object_component>
      <object_component id="oc-237">
         <name>.text</name>
         <load_address>0x3391c8</load_address>
         <run_address>0x3391c8</run_address>
         <size>0x46</size>
         <input_file_ref idref="fl-11"/>
      </object_component>
      <object_component id="oc-287">
         <name>.text</name>
         <load_address>0x33920e</load_address>
         <run_address>0x33920e</run_address>
         <size>0x3e</size>
         <input_file_ref idref="fl-1d"/>
      </object_component>
      <object_component id="oc-203">
         <name>.text</name>
         <load_address>0x33924c</load_address>
         <run_address>0x33924c</run_address>
         <size>0x2a</size>
         <input_file_ref idref="fl-5c"/>
      </object_component>
      <object_component id="oc-236">
         <name>.text</name>
         <load_address>0x339276</load_address>
         <run_address>0x339276</run_address>
         <size>0x29</size>
         <input_file_ref idref="fl-61"/>
      </object_component>
      <object_component id="oc-29b">
         <name>.text</name>
         <load_address>0x33929f</load_address>
         <run_address>0x33929f</run_address>
         <size>0x26</size>
         <input_file_ref idref="fl-40"/>
      </object_component>
      <object_component id="oc-233">
         <name>.text</name>
         <load_address>0x3392c5</load_address>
         <run_address>0x3392c5</run_address>
         <size>0x24</size>
         <input_file_ref idref="fl-5d"/>
      </object_component>
      <object_component id="oc-1f9">
         <name>.text</name>
         <load_address>0x3392e9</load_address>
         <run_address>0x3392e9</run_address>
         <size>0x22</size>
         <input_file_ref idref="fl-5a"/>
      </object_component>
      <object_component id="oc-29c">
         <name>.text</name>
         <load_address>0x33930b</load_address>
         <run_address>0x33930b</run_address>
         <size>0x20</size>
         <input_file_ref idref="fl-41"/>
      </object_component>
      <object_component id="oc-271">
         <name>.text</name>
         <load_address>0x33932b</load_address>
         <run_address>0x33932b</run_address>
         <size>0x1d</size>
         <input_file_ref idref="fl-5e"/>
      </object_component>
      <object_component id="oc-235">
         <name>.text</name>
         <load_address>0x339348</load_address>
         <run_address>0x339348</run_address>
         <size>0x12</size>
         <input_file_ref idref="fl-63"/>
      </object_component>
      <object_component id="oc-1fe">
         <name>.text</name>
         <load_address>0x33935a</load_address>
         <run_address>0x33935a</run_address>
         <size>0xb</size>
         <input_file_ref idref="fl-5b"/>
      </object_component>
      <object_component id="oc-2d4">
         <name>.text</name>
         <load_address>0x339365</load_address>
         <run_address>0x339365</run_address>
         <size>0x9</size>
         <input_file_ref idref="fl-62"/>
      </object_component>
      <object_component id="oc-190">
         <name>.text</name>
         <load_address>0x33936e</load_address>
         <run_address>0x33936e</run_address>
         <size>0x8</size>
         <input_file_ref idref="fl-3d"/>
      </object_component>
      <object_component id="oc-2d6">
         <name>.text</name>
         <load_address>0x339376</load_address>
         <run_address>0x339376</run_address>
         <size>0x7</size>
         <input_file_ref idref="fl-64"/>
      </object_component>
      <object_component id="oc-2a0">
         <name>.text</name>
         <load_address>0x33937d</load_address>
         <run_address>0x33937d</run_address>
         <size>0x2</size>
         <input_file_ref idref="fl-a"/>
      </object_component>
      <object_component id="oc-232">
         <name>.text</name>
         <load_address>0x33937f</load_address>
         <run_address>0x33937f</run_address>
         <size>0x2</size>
         <input_file_ref idref="fl-5f"/>
      </object_component>
      <object_component id="oc-234">
         <name>.text</name>
         <load_address>0x339381</load_address>
         <run_address>0x339381</run_address>
         <size>0x1</size>
         <input_file_ref idref="fl-60"/>
      </object_component>
      <object_component id="oc-191">
         <name>codestart</name>
         <load_address>0x33fff6</load_address>
         <run_address>0x33fff6</run_address>
         <size>0x2</size>
         <input_file_ref idref="fl-3d"/>
      </object_component>
      <object_component id="oc-24c">
         <name>ramfuncs</name>
         <load_address>0x320000</load_address>
         <run_address>0x8000</run_address>
         <size>0x157</size>
         <input_file_ref idref="fl-c"/>
      </object_component>
      <object_component id="oc-27e">
         <name>ramfuncs</name>
         <load_address>0x320157</load_address>
         <run_address>0x8157</run_address>
         <size>0x1b</size>
         <input_file_ref idref="fl-42"/>
      </object_component>
      <object_component id="oc-29a">
         <name>ramfuncs</name>
         <load_address>0x320172</load_address>
         <run_address>0x8172</run_address>
         <size>0x5</size>
         <input_file_ref idref="fl-18"/>
      </object_component>
      <object_component id="oc-1ee">
         <name>.stack</name>
         <uninitialized>true</uninitialized>
         <run_address>0x400</run_address>
         <size>0x0</size>
         <input_file_ref idref="fl-58"/>
      </object_component>
      <object_component id="oc-375">
         <name>.stack</name>
         <uninitialized>true</uninitialized>
         <run_address>0x400</run_address>
         <size>0x0</size>
      </object_component>
      <object_component id="oc-4c">
         <name>.ebss</name>
         <uninitialized>true</uninitialized>
         <run_address>0xaa24</run_address>
         <size>0x1c</size>
         <input_file_ref idref="fl-2"/>
      </object_component>
      <object_component id="oc-5d">
         <name>.ebss</name>
         <uninitialized>true</uninitialized>
         <run_address>0x97fe</run_address>
         <size>0x2</size>
         <input_file_ref idref="fl-5"/>
      </object_component>
      <object_component id="oc-66">
         <name>.ebss</name>
         <uninitialized>true</uninitialized>
         <run_address>0xabc0</run_address>
         <size>0x3</size>
         <input_file_ref idref="fl-7"/>
      </object_component>
      <object_component id="oc-72">
         <name>.ebss</name>
         <uninitialized>true</uninitialized>
         <run_address>0xab88</run_address>
         <size>0x6</size>
         <input_file_ref idref="fl-9"/>
      </object_component>
      <object_component id="oc-80">
         <name>.ebss</name>
         <uninitialized>true</uninitialized>
         <run_address>0xa036</run_address>
         <size>0xa</size>
         <input_file_ref idref="fl-c"/>
      </object_component>
      <object_component id="oc-8c">
         <name>.ebss</name>
         <uninitialized>true</uninitialized>
         <run_address>0x9dfc</run_address>
         <size>0x4</size>
         <input_file_ref idref="fl-e"/>
      </object_component>
      <object_component id="oc-93">
         <name>.ebss</name>
         <uninitialized>true</uninitialized>
         <run_address>0xa87c</run_address>
         <size>0x4</size>
         <input_file_ref idref="fl-f"/>
      </object_component>
      <object_component id="oc-9a">
         <name>.ebss</name>
         <uninitialized>true</uninitialized>
         <run_address>0xa8bb</run_address>
         <size>0x5</size>
         <input_file_ref idref="fl-10"/>
      </object_component>
      <object_component id="oc-ae">
         <name>.ebss</name>
         <uninitialized>true</uninitialized>
         <run_address>0x9d39</run_address>
         <size>0x7</size>
         <input_file_ref idref="fl-14"/>
      </object_component>
      <object_component id="oc-b4">
         <name>.ebss</name>
         <uninitialized>true</uninitialized>
         <run_address>0x9e00</run_address>
         <size>0xa0</size>
         <input_file_ref idref="fl-15"/>
      </object_component>
      <object_component id="oc-23a">
         <name>.ebss:_Flash_MID</name>
         <uninitialized>true</uninitialized>
         <run_address>0xabc3</run_address>
         <size>0x3</size>
         <input_file_ref idref="fl-15"/>
      </object_component>
      <object_component id="oc-256">
         <name>.ebss:_DataLog_TrigAnalogCHID</name>
         <uninitialized>true</uninitialized>
         <run_address>0xab9e</run_address>
         <size>0x4</size>
         <input_file_ref idref="fl-15"/>
      </object_component>
      <object_component id="oc-258">
         <name>.ebss:_DataLog_TrigAnalogCHThr</name>
         <uninitialized>true</uninitialized>
         <run_address>0xaba2</run_address>
         <size>0x4</size>
         <input_file_ref idref="fl-15"/>
      </object_component>
      <object_component id="oc-25a">
         <name>.ebss:_DataLog_TrigDigitCHID</name>
         <uninitialized>true</uninitialized>
         <run_address>0xabae</run_address>
         <size>0x4</size>
         <input_file_ref idref="fl-15"/>
      </object_component>
      <object_component id="oc-254">
         <name>.ebss:_DataLog_TrigDigitCHBit</name>
         <uninitialized>true</uninitialized>
         <run_address>0xabaa</run_address>
         <size>0x4</size>
         <input_file_ref idref="fl-15"/>
      </object_component>
      <object_component id="oc-25e">
         <name>.ebss:_DataLog_TrigAnalogValueOld</name>
         <uninitialized>true</uninitialized>
         <run_address>0xaba6</run_address>
         <size>0x4</size>
         <input_file_ref idref="fl-15"/>
      </object_component>
      <object_component id="oc-273">
         <name>.ebss:_SoftScope_AnalogChID</name>
         <uninitialized>true</uninitialized>
         <run_address>0xab68</run_address>
         <size>0x8</size>
         <input_file_ref idref="fl-15"/>
      </object_component>
      <object_component id="oc-274">
         <name>.ebss:_SoftScope_DigitChID</name>
         <uninitialized>true</uninitialized>
         <run_address>0xab78</run_address>
         <size>0x8</size>
         <input_file_ref idref="fl-15"/>
      </object_component>
      <object_component id="oc-275">
         <name>.ebss:_SoftScope_DigitChBit</name>
         <uninitialized>true</uninitialized>
         <run_address>0xab70</run_address>
         <size>0x8</size>
         <input_file_ref idref="fl-15"/>
      </object_component>
      <object_component id="oc-25c">
         <name>.ebss:_DataLog_TrigAnalogAddr</name>
         <uninitialized>true</uninitialized>
         <run_address>0xaab8</run_address>
         <size>0x8</size>
         <input_file_ref idref="fl-15"/>
      </object_component>
      <object_component id="oc-260">
         <name>.ebss:_DataLog_TrigDigitAddr</name>
         <uninitialized>true</uninitialized>
         <run_address>0xab60</run_address>
         <size>0x8</size>
         <input_file_ref idref="fl-15"/>
      </object_component>
      <object_component id="oc-23b">
         <name>.ebss:_Flash_PSNSerial</name>
         <uninitialized>true</uninitialized>
         <run_address>0xa8b2</run_address>
         <size>0x9</size>
         <input_file_ref idref="fl-15"/>
      </object_component>
      <object_component id="oc-2ef">
         <name>.ebss:_CANARPDO</name>
         <uninitialized>true</uninitialized>
         <run_address>0x9d29</run_address>
         <size>0x10</size>
         <input_file_ref idref="fl-15"/>
      </object_component>
      <object_component id="oc-2f1">
         <name>.ebss:_CANATPDO</name>
         <uninitialized>true</uninitialized>
         <run_address>0xa8f0</run_address>
         <size>0x10</size>
         <input_file_ref idref="fl-15"/>
      </object_component>
      <object_component id="oc-2f8">
         <name>.ebss:_CANBRPDO</name>
         <uninitialized>true</uninitialized>
         <run_address>0xa930</run_address>
         <size>0x10</size>
         <input_file_ref idref="fl-15"/>
      </object_component>
      <object_component id="oc-2f6">
         <name>.ebss:_CANBTPDO</name>
         <uninitialized>true</uninitialized>
         <run_address>0xa970</run_address>
         <size>0x10</size>
         <input_file_ref idref="fl-15"/>
      </object_component>
      <object_component id="oc-276">
         <name>.ebss:_SoftScope_AnalogChaddr</name>
         <uninitialized>true</uninitialized>
         <run_address>0xab40</run_address>
         <size>0x10</size>
         <input_file_ref idref="fl-15"/>
      </object_component>
      <object_component id="oc-277">
         <name>.ebss:_SoftScope_DigitChaddr</name>
         <uninitialized>true</uninitialized>
         <run_address>0xab50</run_address>
         <size>0x10</size>
         <input_file_ref idref="fl-15"/>
      </object_component>
      <object_component id="oc-245">
         <name>.ebss:_CANAMB4RecvBuffer</name>
         <uninitialized>true</uninitialized>
         <run_address>0xaaa0</run_address>
         <size>0x18</size>
         <input_file_ref idref="fl-15"/>
      </object_component>
      <object_component id="oc-247">
         <name>.ebss:_CANAMB5RecvBuffer</name>
         <uninitialized>true</uninitialized>
         <run_address>0xaac0</run_address>
         <size>0x18</size>
         <input_file_ref idref="fl-15"/>
      </object_component>
      <object_component id="oc-248">
         <name>.ebss:_CANAMB6RecvBuffer</name>
         <uninitialized>true</uninitialized>
         <run_address>0xaad8</run_address>
         <size>0x18</size>
         <input_file_ref idref="fl-15"/>
      </object_component>
      <object_component id="oc-249">
         <name>.ebss:_CANAMB7RecvBuffer</name>
         <uninitialized>true</uninitialized>
         <run_address>0xab00</run_address>
         <size>0x18</size>
         <input_file_ref idref="fl-15"/>
      </object_component>
      <object_component id="oc-24a">
         <name>.ebss:_CANAMB8RecvBuffer</name>
         <uninitialized>true</uninitialized>
         <run_address>0xab18</run_address>
         <size>0x18</size>
         <input_file_ref idref="fl-15"/>
      </object_component>
      <object_component id="oc-250">
         <name>.ebss:_DataLog_SaveAnalogCHID</name>
         <uninitialized>true</uninitialized>
         <run_address>0x9be0</run_address>
         <size>0x20</size>
         <input_file_ref idref="fl-15"/>
      </object_component>
      <object_component id="oc-252">
         <name>.ebss:_DataLog_SaveDigitCHID</name>
         <uninitialized>true</uninitialized>
         <run_address>0x9f60</run_address>
         <size>0x20</size>
         <input_file_ref idref="fl-15"/>
      </object_component>
      <object_component id="oc-269">
         <name>.ebss:_DataLog_SaveDigitCHBit</name>
         <uninitialized>true</uninitialized>
         <run_address>0x9ea0</run_address>
         <size>0x20</size>
         <input_file_ref idref="fl-15"/>
      </object_component>
      <object_component id="oc-2a5">
         <name>.ebss:_CANBMB0PDOSendBuffer</name>
         <uninitialized>true</uninitialized>
         <run_address>0xa8c0</run_address>
         <size>0x30</size>
         <input_file_ref idref="fl-15"/>
      </object_component>
      <object_component id="oc-2a2">
         <name>.ebss:_CANBMB0SDOSendBuffer</name>
         <uninitialized>true</uninitialized>
         <run_address>0xa900</run_address>
         <size>0x30</size>
         <input_file_ref idref="fl-15"/>
      </object_component>
      <object_component id="oc-24b">
         <name>.ebss:_CANBMB4RecvBuffer</name>
         <uninitialized>true</uninitialized>
         <run_address>0xa940</run_address>
         <size>0x30</size>
         <input_file_ref idref="fl-15"/>
      </object_component>
      <object_component id="oc-24d">
         <name>.ebss:_CANBMB5RecvBuffer</name>
         <uninitialized>true</uninitialized>
         <run_address>0xa980</run_address>
         <size>0x30</size>
         <input_file_ref idref="fl-15"/>
      </object_component>
      <object_component id="oc-272">
         <name>.ebss:_SoftScope_buffer</name>
         <uninitialized>true</uninitialized>
         <run_address>0xa880</run_address>
         <size>0x32</size>
         <input_file_ref idref="fl-15"/>
      </object_component>
      <object_component id="oc-262">
         <name>.ebss:_DataLog_AnalogAddr</name>
[...]
      </symbol>
      <symbol id="sm-14c1">
         <name>_AdcRegs</name>
         <value>0x7100</value>
         <object_component_ref idref="oc-1ac"/>
      </symbol>
      <symbol id="sm-14c2">
         <name>_XIntruptRegs</name>
         <value>0x7070</value>
         <object_component_ref idref="oc-1aa"/>
      </symbol>
      <symbol id="sm-14c3">
         <name>_CpuTimer2Regs</name>
         <value>0xc10</value>
         <object_component_ref idref="oc-1a0"/>
      </symbol>
      <symbol id="sm-14c4">
         <name>_PieCtrlRegs</name>
         <value>0xce0</value>
         <object_component_ref idref="oc-1ab"/>
      </symbol>
      <symbol id="sm-14c5">
         <name>_ECanbMOTSRegs</name>
         <value>0x6280</value>
         <object_component_ref idref="oc-1c6"/>
      </symbol>
      <symbol id="sm-14c6">
         <name>_ECanaRegs</name>
         <value>0x6000</value>
         <object_component_ref idref="oc-1c0"/>
      </symbol>
      <symbol id="sm-14c7">
         <name>_AdcMirror</name>
         <value>0xb00</value>
         <object_component_ref idref="oc-1a4"/>
      </symbol>
      <symbol id="sm-14c8">
         <name>_ECanbMboxes</name>
         <value>0x6300</value>
         <object_component_ref idref="oc-1cd"/>
      </symbol>
      <symbol id="sm-14c9">
         <name>_XintfRegs</name>
         <value>0xb20</value>
         <object_component_ref idref="oc-1ad"/>
      </symbol>
      <symbol id="sm-14ca">
         <name>_ScicRegs</name>
         <value>0x7770</value>
         <object_component_ref idref="oc-1a8"/>
      </symbol>
      <symbol id="sm-14cb">
         <name>_ECap1Regs</name>
         <value>0x6a00</value>
         <object_component_ref idref="oc-1ae"/>
      </symbol>
      <symbol id="sm-14cc">
         <name>_EQep1Regs</name>
         <value>0x6b00</value>
         <object_component_ref idref="oc-1c8"/>
      </symbol>
      <symbol id="sm-14cd">
         <name>_McbspaRegs</name>
         <value>0x5000</value>
         <object_component_ref idref="oc-1bd"/>
      </symbol>
      <symbol id="sm-14ce">
         <name>_EPwm1Regs</name>
         <value>0x6800</value>
         <object_component_ref idref="oc-1b6"/>
      </symbol>
      <symbol id="sm-14cf">
         <name>_ECanbRegs</name>
         <value>0x6200</value>
         <object_component_ref idref="oc-1c1"/>
      </symbol>
      <symbol id="sm-14d0">
         <name>_ScibRegs</name>
         <value>0x7750</value>
         <object_component_ref idref="oc-1a7"/>
      </symbol>
      <symbol id="sm-14d1">
         <name>_ECap2Regs</name>
         <value>0x6a20</value>
         <object_component_ref idref="oc-1af"/>
      </symbol>
      <symbol id="sm-14d2">
         <name>_GpioIntRegs</name>
         <value>0x6fe0</value>
         <object_component_ref idref="oc-1a3"/>
      </symbol>
      <symbol id="sm-14d3">
         <name>_EQep2Regs</name>
         <value>0x6b40</value>
         <object_component_ref idref="oc-1c9"/>
      </symbol>
      <symbol id="sm-14d4">
         <name>_PartIdRegs</name>
         <value>0x380090</value>
         <object_component_ref idref="oc-19d"/>
      </symbol>
      <symbol id="sm-14d5">
         <name>_EPwm2Regs</name>
         <value>0x6840</value>
         <object_component_ref idref="oc-1b7"/>
      </symbol>
      <symbol id="sm-14d6">
         <name>_ECanaMboxes</name>
         <value>0x6100</value>
         <object_component_ref idref="oc-1cc"/>
      </symbol>
      <symbol id="sm-14d7">
         <name>_ECap3Regs</name>
         <value>0x6a40</value>
         <object_component_ref idref="oc-1b0"/>
      </symbol>
      <symbol id="sm-14d8">
         <name>_ECanaMOTORegs</name>
         <value>0x60c0</value>
         <object_component_ref idref="oc-1c4"/>
      </symbol>
      <symbol id="sm-14d9">
         <name>_EPwm3Regs</name>
         <value>0x6880</value>
         <object_component_ref idref="oc-1b8"/>
      </symbol>
      <symbol id="sm-14da">
         <name>_ECanbLAMRegs</name>
         <value>0x6240</value>
         <object_component_ref idref="oc-1c5"/>
      </symbol>
      <symbol id="sm-14db">
         <name>_I2caRegs</name>
         <value>0x7900</value>
         <object_component_ref idref="oc-1bc"/>
      </symbol>
      <symbol id="sm-14e7">
         <name>_InitPieCtrl</name>
         <value>0x33929f</value>
         <object_component_ref idref="oc-29b"/>
      </symbol>
      <symbol id="sm-14e9">
         <name>_EnableInterrupts</name>
         <value>0x3392be</value>
         <object_component_ref idref="oc-29b"/>
      </symbol>
      <symbol id="sm-14fa">
         <name>_PieVectTableInit</name>
         <value>0x33a5fc</value>
         <object_component_ref idref="oc-2ec"/>
      </symbol>
      <symbol id="sm-14fb">
         <name>_InitPieVectTable</name>
         <value>0x33930b</value>
         <object_component_ref idref="oc-29c"/>
      </symbol>
      <symbol id="sm-1513">
         <name>_InitPll</name>
         <value>0x3389cf</value>
         <object_component_ref idref="oc-27d"/>
      </symbol>
      <symbol id="sm-1515">
         <name>_DisableDog</name>
         <value>0x3389bf</value>
         <object_component_ref idref="oc-27d"/>
      </symbol>
      <symbol id="sm-1517">
         <name>_InitPeripheralClocks</name>
         <value>0x338a1e</value>
         <object_component_ref idref="oc-27d"/>
      </symbol>
      <symbol id="sm-1519">
         <name>_InitFlash</name>
         <value>0x8157</value>
         <object_component_ref idref="oc-27e"/>
      </symbol>
      <symbol id="sm-151b">
         <name>_CsmUnlock</name>
         <value>0x338a80</value>
         <object_component_ref idref="oc-27d"/>
      </symbol>
      <symbol id="sm-151d">
         <name>_ServiceDog</name>
         <value>0x338a76</value>
         <object_component_ref idref="oc-27d"/>
      </symbol>
      <symbol id="sm-151f">
         <name>_EnableDog</name>
         <value>0x3389c7</value>
         <object_component_ref idref="oc-27d"/>
      </symbol>
      <symbol id="sm-1521">
         <name>_InitSysCtrl</name>
         <value>0x338a6d</value>
         <object_component_ref idref="oc-27d"/>
      </symbol>
      <symbol id="sm-152b">
         <name>__IQ1div</name>
         <value>0x328000</value>
         <object_component_ref idref="oc-1df"/>
      </symbol>
      <symbol id="sm-152f">
         <name>_IQ4mpyRndSatTable</name>
         <value>0x3feb20</value>
         <object_component_ref idref="oc-1e3"/>
      </symbol>
      <symbol id="sm-1530">
         <name>_IQ5mpyRndSatTable</name>
         <value>0x3feb14</value>
         <object_component_ref idref="oc-1e3"/>
      </symbol>
      <symbol id="sm-1531">
         <name>_IQatan2Table</name>
         <value>0x3fe862</value>
         <object_component_ref idref="oc-1e3"/>
      </symbol>
      <symbol id="sm-1532">
         <name>_IQisqrtTableEnd</name>
         <value>0x3fe824</value>
         <object_component_ref idref="oc-1e3"/>
      </symbol>
      <symbol id="sm-1533">
         <name>_IQ8mpyRndSatTable</name>
         <value>0x3feaf0</value>
         <object_component_ref idref="oc-1e3"/>
      </symbol>
      <symbol id="sm-1534">
         <name>_IQ9mpyRndSatTable</name>
         <value>0x3feae4</value>
         <object_component_ref idref="oc-1e3"/>
      </symbol>
      <symbol id="sm-1535">
         <name>_IQsqrtTable</name>
         <value>0x3fe722</value>
         <object_component_ref idref="oc-1e3"/>
      </symbol>
      <symbol id="sm-1536">
         <name>_IQcosTableEnd</name>
         <value>0x3fe502</value>
         <object_component_ref idref="oc-1e3"/>
      </symbol>
      <symbol id="sm-1537">
         <name>_IQatan2HalfPITable</name>
         <value>0x3fe824</value>
         <object_component_ref idref="oc-1e3"/>
      </symbol>
      <symbol id="sm-1538">
         <name>_IQisqrtTable</name>
         <value>0x3fe722</value>
         <object_component_ref idref="oc-1e3"/>
      </symbol>
      <symbol id="sm-1539">
         <name>_IQsqrtRoundSatTable</name>
         <value>0x3fe712</value>
         <object_component_ref idref="oc-1e3"/>
      </symbol>
      <symbol id="sm-153a">
         <name>_IQsqrtTableEnd</name>
         <value>0x3fe824</value>
         <object_component_ref idref="oc-1e3"/>
      </symbol>
      <symbol id="sm-153b">
         <name>_IQ30mpyRndSatTable</name>
         <value>0x3fe9e8</value>
         <object_component_ref idref="oc-1e3"/>
      </symbol>
      <symbol id="sm-153c">
         <name>_IQ17mpyRndSatTable</name>
         <value>0x3fea84</value>
         <object_component_ref idref="oc-1e3"/>
      </symbol>
      <symbol id="sm-153d">
         <name>_IQ16mpyRndSatTable</name>
         <value>0x3fea90</value>
         <object_component_ref idref="oc-1e3"/>
      </symbol>
      <symbol id="sm-153e">
         <name>_IQ15mpyRndSatTable</name>
         <value>0x3fea9c</value>
         <object_component_ref idref="oc-1e3"/>
      </symbol>
      <symbol id="sm-153f">
         <name>_IQ14mpyRndSatTable</name>
         <value>0x3feaa8</value>
         <object_component_ref idref="oc-1e3"/>
      </symbol>
      <symbol id="sm-1540">
         <name>_IQ13mpyRndSatTable</name>
         <value>0x3feab4</value>
         <object_component_ref idref="oc-1e3"/>
      </symbol>
      <symbol id="sm-1541">
         <name>_IQmpyRndSatTable</name>
         <value>0x3fe9e8</value>
         <object_component_ref idref="oc-1e3"/>
      </symbol>
      <symbol id="sm-1542">
         <name>_IQ12mpyRndSatTable</name>
         <value>0x3feac0</value>
         <object_component_ref idref="oc-1e3"/>
      </symbol>
      <symbol id="sm-1543">
         <name>_IQdivRoundSatTable</name>
         <value>0x3fe502</value>
         <object_component_ref idref="oc-1e3"/>
      </symbol>
      <symbol id="sm-1544">
         <name>_IQisqrtRoundSatTable</name>
         <value>0x3fe712</value>
         <object_component_ref idref="oc-1e3"/>
      </symbol>
      <symbol id="sm-1545">
         <name>_IQ11mpyRndSatTable</name>
         <value>0x3feacc</value>
         <object_component_ref idref="oc-1e3"/>
      </symbol>
      <symbol id="sm-1546">
         <name>_IQcosTable</name>
         <value>0x3fe100</value>
         <object_component_ref idref="oc-1e3"/>
      </symbol>
      <symbol id="sm-1547">
         <name>_IQ10mpyRndSatTable</name>
         <value>0x3fead8</value>
         <object_component_ref idref="oc-1e3"/>
      </symbol>
      <symbol id="sm-1548">
         <name>_IQmpyRndSatTableEnd</name>
         <value>0x3feb50</value>
         <object_component_ref idref="oc-1e3"/>
      </symbol>
      <symbol id="sm-1549">
         <name>_IQ19mpyRndSatTable</name>
         <value>0x3fea6c</value>
         <object_component_ref idref="oc-1e3"/>
      </symbol>
      <symbol id="sm-154a">
         <name>_IQ27mpyRndSatTable</name>
         <value>0x3fea0c</value>
         <object_component_ref idref="oc-1e3"/>
      </symbol>
      <symbol id="sm-154b">
         <name>_IQ18mpyRndSatTable</name>
         <value>0x3fea78</value>
         <object_component_ref idref="oc-1e3"/>
      </symbol>
      <symbol id="sm-154c">
         <name>_IQ26mpyRndSatTable</name>
         <value>0x3fea18</value>
         <object_component_ref idref="oc-1e3"/>
      </symbol>
      <symbol id="sm-154d">
         <name>_IQ25mpyRndSatTable</name>
         <value>0x3fea24</value>
         <object_component_ref idref="oc-1e3"/>
      </symbol>
      <symbol id="sm-154e">
         <name>_IQsinTable</name>
         <value>0x3fe000</value>
         <object_component_ref idref="oc-1e3"/>
      </symbol>
      <symbol id="sm-154f">
         <name>_IQ24mpyRndSatTable</name>
         <value>0x3fea30</value>
         <object_component_ref idref="oc-1e3"/>
      </symbol>
      <symbol id="sm-1550">
         <name>_IQdivTableEnd</name>
         <value>0x3fe712</value>
         <object_component_ref idref="oc-1e3"/>
      </symbol>
      <symbol id="sm-1551">
         <name>_IQ23mpyRndSatTable</name>
         <value>0x3fea3c</value>
         <object_component_ref idref="oc-1e3"/>
      </symbol>
      <symbol id="sm-1552">
         <name>_IQ22mpyRndSatTable</name>
         <value>0x3fea48</value>
         <object_component_ref idref="oc-1e3"/>
      </symbol>
      <symbol id="sm-1553">
         <name>_IQ21mpyRndSatTable</name>
         <value>0x3fea54</value>
         <object_component_ref idref="oc-1e3"/>
      </symbol>
      <symbol id="sm-1554">
         <name>_IQ20mpyRndSatTable</name>
         <value>0x3fea60</value>
         <object_component_ref idref="oc-1e3"/>
      </symbol>
      <symbol id="sm-1555">
         <name>_IQsinTableEnd</name>
         <value>0x3fe400</value>
         <object_component_ref idref="oc-1e3"/>
      </symbol>
      <symbol id="sm-1556">
         <name>_IQdivTable</name>
         <value>0x3fe510</value>
         <object_component_ref idref="oc-1e3"/>
      </symbol>
      <symbol id="sm-1557">
         <name>_IQ2mpyRndSatTable</name>
         <value>0x3feb38</value>
         <object_component_ref idref="oc-1e3"/>
      </symbol>
      <symbol id="sm-1558">
         <name>_IQ3mpyRndSatTable</name>
         <value>0x3feb2c</value>
         <object_component_ref idref="oc-1e3"/>
      </symbol>
      <symbol id="sm-1559">
         <name>_IQ1mpyRndSatTable</name>
         <value>0x3feb44</value>
         <object_component_ref idref="oc-1e3"/>
      </symbol>
      <symbol id="sm-155a">
         <name>_IQ29mpyRndSatTable</name>
         <value>0x3fe9f4</value>
         <object_component_ref idref="oc-1e3"/>
      </symbol>
      <symbol id="sm-155b">
         <name>_IQ6mpyRndSatTable</name>
         <value>0x3feb08</value>
         <object_component_ref idref="oc-1e3"/>
      </symbol>
      <symbol id="sm-155c">
         <name>_IQatan2TableEnd</name>
         <value>0x3fe9e8</value>
         <object_component_ref idref="oc-1e3"/>
      </symbol>
      <symbol id="sm-155d">
         <name>_IQ28mpyRndSatTable</name>
         <value>0x3fea00</value>
         <object_component_ref idref="oc-1e3"/>
      </symbol>
      <symbol id="sm-155e">
         <name>_IQ7mpyRndSatTable</name>
         <value>0x3feafc</value>
         <object_component_ref idref="oc-1e3"/>
      </symbol>
      <symbol id="sm-156c">
         <name>_cos</name>
         <value>0x339025</value>
         <object_component_ref idref="oc-2ab"/>
      </symbol>
      <symbol id="sm-156d">
         <name>_cosf</name>
         <value>0x339025</value>
         <object_component_ref idref="oc-2ab"/>
      </symbol>
      <symbol id="sm-157b">
         <name>_sin</name>
         <value>0x338fbf</value>
         <object_component_ref idref="oc-2ac"/>
      </symbol>
      <symbol id="sm-157c">
         <name>_sinf</name>
         <value>0x338fbf</value>
         <object_component_ref idref="oc-2ac"/>
      </symbol>
      <symbol id="sm-1598">
         <name>_c_int00</name>
         <value>0x339088</value>
         <object_component_ref idref="oc-49"/>
      </symbol>
      <symbol id="sm-1599">
         <name>__stack</name>
         <value>0x400</value>
         <object_component_ref idref="oc-1ee"/>
      </symbol>
      <symbol id="sm-15aa">
         <name>FS$$DIV</name>
         <value>0x338e46</value>
         <object_component_ref idref="oc-1f4"/>
      </symbol>
      <symbol id="sm-15b8">
         <name>I$$MOD</name>
         <value>0x3392fa</value>
         <object_component_ref idref="oc-1f9"/>
      </symbol>
      <symbol id="sm-15b9">
         <name>I$$DIV</name>
         <value>0x3392e9</value>
         <object_component_ref idref="oc-1f9"/>
      </symbol>
      <symbol id="sm-15c5">
         <name>U$$MOD</name>
         <value>0x33935f</value>
         <object_component_ref idref="oc-1fe"/>
      </symbol>
      <symbol id="sm-15c6">
         <name>U$$DIV</name>
         <value>0x33935a</value>
         <object_component_ref idref="oc-1fe"/>
      </symbol>
      <symbol id="sm-15d2">
         <name>UL$$MOD</name>
         <value>0x339270</value>
         <object_component_ref idref="oc-203"/>
      </symbol>
      <symbol id="sm-15d3">
         <name>L$$MOD</name>
         <value>0x33925b</value>
         <object_component_ref idref="oc-203"/>
      </symbol>
      <symbol id="sm-15d4">
         <name>L$$DIV</name>
         <value>0x33924c</value>
         <object_component_ref idref="oc-203"/>
      </symbol>
      <symbol id="sm-15d5">
         <name>UL$$DIV</name>
         <value>0x339269</value>
         <object_component_ref idref="oc-203"/>
      </symbol>
      <symbol id="sm-15e4">
         <name>_copy_in</name>
         <value>0x3392c5</value>
         <object_component_ref idref="oc-233"/>
      </symbol>
      <symbol id="sm-15f6">
         <name>_memcpy</name>
         <value>0x33932b</value>
         <object_component_ref idref="oc-271"/>
      </symbol>
      <symbol id="sm-1603">
         <name>__system_pre_init</name>
         <value>0x33937f</value>
         <object_component_ref idref="oc-232"/>
      </symbol>
      <symbol id="sm-1611">
         <name>__system_post_cinit</name>
         <value>0x339381</value>
         <object_component_ref idref="oc-234"/>
      </symbol>
      <symbol id="sm-1626">
         <name>C$$EXIT</name>
         <value>0x339276</value>
         <object_component_ref idref="oc-236"/>
      </symbol>
      <symbol id="sm-1627">
         <name>_exit</name>
         <value>0x339278</value>
         <object_component_ref idref="oc-236"/>
      </symbol>
      <symbol id="sm-1629">
         <name>___TI_cleanup_ptr</name>
         <value>0xab96</value>
         <object_component_ref idref="oc-21e"/>
      </symbol>
      <symbol id="sm-162a">
         <name>___TI_enable_exit_profile_output</name>
         <value>0xab94</value>
         <object_component_ref idref="oc-21e"/>
      </symbol>
      <symbol id="sm-162b">
         <name>_abort</name>
         <value>0x339276</value>
         <object_component_ref idref="oc-236"/>
      </symbol>
      <symbol id="sm-162d">
         <name>___TI_dtors_ptr</name>
         <value>0xab98</value>
         <object_component_ref idref="oc-21e"/>
      </symbol>
      <symbol id="sm-1641">
         <name>__unlock</name>
         <value>0xabd2</value>
         <object_component_ref idref="oc-304"/>
      </symbol>
      <symbol id="sm-1642">
         <name>__lock</name>
         <value>0xabd0</value>
         <object_component_ref idref="oc-27b"/>
      </symbol>
      <symbol id="sm-1643">
         <name>__register_lock</name>
         <value>0x339369</value>
         <object_component_ref idref="oc-2d4"/>
      </symbol>
      <symbol id="sm-1645">
         <name>__nop</name>
         <value>0x33936d</value>
         <object_component_ref idref="oc-2d4"/>
      </symbol>
      <symbol id="sm-1647">
         <name>__register_unlock</name>
         <value>0x339365</value>
         <object_component_ref idref="oc-2d4"/>
      </symbol>
      <symbol id="sm-1657">
         <name>__args_main</name>
         <value>0x339348</value>
         <object_component_ref idref="oc-235"/>
      </symbol>
      <symbol id="sm-1666">
         <name>_memset</name>
         <value>0x339376</value>
         <object_component_ref idref="oc-2d6"/>
      </symbol>
   </symbol_table>
   <title>Link successful</title>
</link_info>
