******************************************************************************
             TMS320C2000 Linker PC v22.6.2                     
******************************************************************************
>> Linked Thu Jan  8 11:32:47 2026

OUTPUT FILE NAME:   <MPR_500kW.out>
ENTRY POINT SYMBOL: "_c_int00"  address: 00339088


MEMORY CONFIGURATION

         name            origin    length      used     unused   attr    fill
----------------------  --------  ---------  --------  --------  ----  --------
PAGE 0:
  RAML0                 00008000   00001000  00000177  00000e89  RWIX
  ZONE7A                00200000   00040000  00000000  00040000  RWIX
  FLASHH                00300000   00008000  00000000  00008000  RWIX
  FLASHG                00308000   00008000  00000000  00008000  RWIX
  FLASHF                00310000   00008000  00000000  00008000  RWIX
  FLASHE                00318000   00008000  00000000  00008000  RWIX
  FLASHD                00320000   00008000  00000177  00007e89  RWIX
  FLASHC                00328000   00008000  00000047  00007fb9  RWIX
  FLASHA                00330000   0000ff80  0000afb3  00004fcd  RWIX
  CSM_RSVD              0033ff80   00000076  00000000  00000076  RWIX
  BEGIN                 0033fff6   00000002  00000002  00000000  RWIX
  CSM_PWL               0033fff8   00000008  00000000  00000008  RWIX
  ADC_CAL               00380080   00000009  00000007  00000002  RWIX
  OTP                   00380400   00000400  00000000  00000400  RWIX
  IQTABLES              003fe000   00000b50  00000b50  00000000  RWIX
  IQTABLES2             003feb50   0000008c  00000000  0000008c  RWIX
  FPUTABLES             003febdc   000006a0  00000000  000006a0  RWIX
  ROM                   003ff27c   00000d44  00000000  00000d44  RWIX
  RESET                 003fffc0   00000002  00000000  00000002  RWIX
  VECTORS               003fffc2   0000003e  00000000  0000003e  RWIX

PAGE 1:
  BOOT_RSVD             00000000   00000050  00000000  00000050  RWIX
  RAMM0                 00000050   000003b0  00000000  000003b0  RWIX
  RAMM1                 00000400   00000400  00000300  00000100  RWIX
  DEV_EMU               00000880   00000180  000000d0  000000b0  RWIX
  FLASH_REGS            00000a80   00000060  00000008  00000058  RWIX
  CSM                   00000ae0   00000010  00000010  00000000  RWIX
  ADC_MIRROR            00000b00   00000010  00000010  00000000  RWIX
  XINTF                 00000b20   00000020  0000001e  00000002  RWIX
  CPU_TIMER0            00000c00   00000008  00000008  00000000  RWIX
  CPU_TIMER1            00000c08   00000008  00000008  00000000  RWIX
  CPU_TIMER2            00000c10   00000008  00000008  00000000  RWIX
  PIE_CTRL              00000ce0   00000020  0000001a  00000006  RWIX
  PIE_VECT              00000d00   00000100  00000100  00000000  RWIX
  DMA                   00001000   00000200  000000e0  00000120  RWIX
  MCBSPA                00005000   00000040  00000025  0000001b  RWIX
  MCBSPB                00005040   00000040  00000025  0000001b  RWIX
  ECANA                 00006000   00000040  00000034  0000000c  RWIX
  ECANA_LAM             00006040   00000040  00000040  00000000  RWIX
  ECANA_MOTS            00006080   00000040  00000040  00000000  RWIX
  ECANA_MOTO            000060c0   00000040  00000040  00000000  RWIX
  ECANA_MBOX            00006100   00000100  00000100  00000000  RWIX
  ECANB                 00006200   00000040  00000034  0000000c  RWIX
  ECANB_LAM             00006240   00000040  00000040  00000000  RWIX
  ECANB_MOTS            00006280   00000040  00000040  00000000  RWIX
  ECANB_MOTO            000062c0   00000040  00000040  00000000  RWIX
  ECANB_MBOX            00006300   00000100  00000100  00000000  RWIX
  EPWM1                 00006800   00000022  00000022  00000000  RWIX
  EPWM2                 00006840   00000022  00000022  00000000  RWIX
  EPWM3                 00006880   00000022  00000022  00000000  RWIX
  EPWM4                 000068c0   00000022  00000022  00000000  RWIX
  EPWM5                 00006900   00000022  00000022  00000000  RWIX
  EPWM6                 00006940   00000022  00000022  00000000  RWIX
  ECAP1                 00006a00   00000020  00000020  00000000  RWIX
  ECAP2                 00006a20   00000020  00000020  00000000  RWIX
  ECAP3                 00006a40   00000020  00000020  00000000  RWIX
  ECAP4                 00006a60   00000020  00000020  00000000  RWIX
  ECAP5                 00006a80   00000020  00000020  00000000  RWIX
  ECAP6                 00006aa0   00000020  00000020  00000000  RWIX
  EQEP1                 00006b00   00000040  00000040  00000000  RWIX
  EQEP2                 00006b40   00000040  00000040  00000000  RWIX
  GPIOCTRL              00006f80   00000040  0000002e  00000012  RWIX
  GPIODAT               00006fc0   00000020  00000020  00000000  RWIX
  GPIOINT               00006fe0   00000020  0000000a  00000016  RWIX
  SYSTEM                00007010   00000020  00000020  00000000  RWIX
  SPIA                  00007040   00000010  00000010  00000000  RWIX
  SCIA                  00007050   00000010  00000010  00000000  RWIX
  XINTRUPT              00007070   00000010  00000010  00000000  RWIX
  ADC                   00007100   00000020  0000001e  00000002  RWIX
  SCIB                  00007750   00000010  00000010  00000000  RWIX
  SCIC                  00007770   00000010  00000010  00000000  RWIX
  I2CA                  00007900   00000040  00000022  0000001e  RWIX
  RAML1                 00009000   00006000  00001bd8  00004428  RWIX
  RAML7A                0000f000   00001000  00000142  00000ebe  RWIX
  ZONE7                 00200000   00100000  00057e60  000a81a0  RWIX
  CSM_PWL               0033fff8   00000008  00000008  00000000  RWIX
  PARTID                00380090   00000001  00000001  00000000  RWIX


SECTION ALLOCATION MAP

 output                                  attributes/
section   page    origin      length       input sections
--------  ----  ----------  ----------   ----------------
ramfuncs   0    00320000    00000177     RUN ADDR = 00008000
                  00320000    00000157     DSP28335_ECanB_Protocol_V1.0.obj (ramfuncs)
                  00320157    0000001b     DSP2833x_SysCtrl.obj (ramfuncs)
                  00320172    00000005     DSP28335EPWM.obj (ramfuncs)

.cinit     0    00339382    0000104d     
                  00339382    00000981     VariableDef.obj (.cinit)
                  00339d03    00000244     Comm_VariableDef.obj (.cinit)
                  00339f47    00000085     Comm_VariableDef.obj (.cinit:_DataLog_ChannelSend)
                  00339fcc    00000085     Comm_VariableDef.obj (.cinit:_DataLog_Trig)
                  0033a051    00000043     Comm_VariableDef.obj (.cinit:_DataLog_AnalogAddr)
                  0033a094    00000043     Comm_VariableDef.obj (.cinit:_DataLog_DigitAddr)
                  0033a0d7    00000026     ParaDefine.obj (.cinit:_GroupCtrl)
                  0033a0fd    00000023     DataLog_V1.11_20160712.obj (.cinit)
                  0033a120    00000023     Comm_VariableDef.obj (.cinit:_DataLog_SaveAnalogCHID)
                  0033a143    00000023     Comm_VariableDef.obj (.cinit:_DataLog_SaveDigitCHBit)
                  0033a166    00000023     Comm_VariableDef.obj (.cinit:_DataLog_SaveDigitCHID)
                  0033a189    00000020     can_agent.obj (.cinit)
                  0033a1a9    0000001b     hal_timer.obj (.cinit)
                  0033a1c4    00000018     ECANA_CH1_NPR_Table_V1.0.obj (.cinit)
                  0033a1dc    00000018     SciBConfig_IO.obj (.cinit)
                  0033a1f4    00000014     hal_can.obj (.cinit)
                  0033a208    00000013     Comm_VariableDef.obj (.cinit:_CANARPDO)
                  0033a21b    00000013     Comm_VariableDef.obj (.cinit:_CANATPDO)
                  0033a22e    00000013     Comm_VariableDef.obj (.cinit:_CANBRPDO)
                  0033a241    00000013     Comm_VariableDef.obj (.cinit:_CANBTPDO)
                  0033a254    00000013     ParaDefine.obj (.cinit:_Monitor_ADDR)
                  0033a267    00000011     ModbusM_Protocol.obj (.cinit)
                  0033a278    00000010     ECANB_Data_Process.obj (.cinit)
                  0033a288    00000010     MCS2MPR_Protocol_V1.0.obj (.cinit)
                  0033a298    00000010     MCS2MPR_Table_V1.0.obj (.cinit)
                  0033a2a8    0000000f     Version_Table.obj (.cinit:_Conv_Type_Ver)
                  0033a2b7    0000000e     rts2800_fpu32.lib : exit.c.obj (.cinit)
                  0033a2c5    0000000d     EventLog_V1.11_20160712.obj (.cinit)
                  0033a2d2    0000000c     DSP28335_ECanA_Protocol_V1.0.obj (.cinit)
                  0033a2de    0000000c     Version_Table.obj (.cinit:_Conv_List_Ver)
                  0033a2ea    0000000b     Comm_VariableDef.obj (.cinit:_DataLog_TrigAnalogAddr)
                  0033a2f5    0000000b     Comm_VariableDef.obj (.cinit:_DataLog_TrigDigitAddr)
                  0033a300    0000000a     Version_Table.obj (.cinit:_RTM_File_Ver)
                  0033a30a    0000000a     Version_Table.obj (.cinit:_Soft_Ver)
                  0033a314    00000008     CurrHarmCtrl.obj (.cinit)
                  0033a31c    00000008     DSP28335_ECanB_Protocol_V1.0.obj (.cinit)
                  0033a324    00000008     Flash_Comm_V1.10.obj (.cinit)
                  0033a32c    00000007     Comm_VariableDef.obj (.cinit:_DataLog_TrigAnalogCHID)
                  0033a333    00000007     Comm_VariableDef.obj (.cinit:_DataLog_TrigAnalogCHThr)
                  0033a33a    00000007     Comm_VariableDef.obj (.cinit:_DataLog_TrigAnalogValueOld)
                  0033a341    00000007     Comm_VariableDef.obj (.cinit:_DataLog_TrigDigitCHBit)
                  0033a348    00000007     Comm_VariableDef.obj (.cinit:_DataLog_TrigDigitCHID)
                  0033a34f    00000007     Version_Table.obj (.cinit:_FPGA_Ver)
                  0033a356    00000007     RTU_ParaDefine.obj (.cinit:_RTUGroup)
                  0033a35d    00000005     VariableDef.obj (.cinit:_ResSample)
                  0033a362    00000005     hal_can.obj (.cinit:_SpCAN_CallbackTx)
                  0033a367    00000005     VariableDef.obj (.cinit:_TemprCalc)
                  0033a36c    00000005     VariableDef.obj (.cinit:_VolSample)
                  0033a371    00000005     rts2800_fpu32.lib : _lock.c.obj (.cinit:__lock)
                  0033a376    00000005                       : _lock.c.obj (.cinit:__unlock)
                  0033a37b    00000005     Main.obj (.cinit:_fCycBuf)
                  0033a380    00000005     Main.obj (.cinit:_fIsrBuf)
                  0033a385    00000005     Main.obj (.cinit:_lCycBuf)
                  0033a38a    00000005     Main.obj (.cinit:_lIsrBuf)
                  0033a38f    00000005     can_app.obj (.cinit)
                  0033a394    00000005     section_cabinet.obj (.cinit)
                  0033a399    00000004     EEPROM_APP_V1.04_20150513.obj (.cinit)
                  0033a39d    00000004     ParaDefine.obj (.cinit)
                  0033a3a1    00000004     RTU_ParaDefine.obj (.cinit)
                  0033a3a5    00000004     Sci_ModbusM_Config.obj (.cinit)
                  0033a3a9    00000004     RTU_ParaDefine.obj (.cinit:_HoldRegBuf)
                  0033a3ad    00000004     RTU_ParaDefine.obj (.cinit:_InputRegBuf)
                  0033a3b1    00000004     VariableDef.obj (.cinit:_InterADValue)
                  0033a3b5    00000004     Comm_VariableDef.obj (.cinit:_Modbus_RecvBuffer)
                  0033a3b9    00000004     Comm_VariableDef.obj (.cinit:_Modbus_SendBuffer)
                  0033a3bd    00000004     VariableDef.obj (.cinit:_NTC_tempf)
                  0033a3c1    00000004     Main.obj (.cinit:_iCycBuf)
                  0033a3c5    00000004     Main.obj (.cinit:_iIsrBuf)
                  0033a3c9    00000004     softscope_V1.03_20160712.obj (.cinit)
                  0033a3cd    00000002     --HOLE-- [fill = 0]

.econst    0    0033a3d0    00000be4     
                  0033a3d0    0000012c     section_cabinet.obj (.econst:.string)
                  0033a4fc    00000100     MessageParse_V1.06_20160712.obj (.econst:_CrcTab)
                  0033a5fc    00000100     DSP2833x_PieVect.obj (.econst:_PieVectTableInit)
                  0033a6fc    000000c4     RTU_ParaDefine.obj (.econst:_sHoldReg_Group)
                  0033a7c0    00000098     ParaDefine.obj (.econst:_sParaData_Group14)
                  0033a858    00000084     RTU_ParaDefine.obj (.econst:_sInputReg_Group)
                  0033a8dc    00000080     ParaDefine.obj (.econst:_sParaData_Group16)
                  0033a95c    00000070     ParaDefine.obj (.econst:_sParaData_Group13)
                  0033a9cc    0000006c     MCS2MPR_Table_V1.0.obj (.econst:_MCS2MPR_CANSDOSummary)
                  0033aa38    00000068     ParaDefine.obj (.econst:_sParaData_Summary)
                  0033aaa0    00000040     ParaDefine.obj (.econst:_sParaData_Group6)
                  0033aae0    0000003c     ECANA_CH1_NPR_Table_V1.0.obj (.econst:_MPR2NPR_RPDOObj)
                  0033ab1c    0000003c     ECANA_CH1_NPR_Table_V1.0.obj (.econst:_MPR2NPR_TPDOObj)
                  0033ab58    00000030     MCS2MPR_Table_V1.0.obj (.econst:_MCS2MPR_RPDOObj)
                  0033ab88    00000030     MCS2MPR_Table_V1.0.obj (.econst:_MCS2MPR_TPDOObj)
                  0033abb8    00000030     Arithmetic.obj (.econst:_decomp)
                  0033abe8    00000030     ParaDefine.obj (.econst:_sParaData_Group8)
                  0033ac18    0000002c     ParaDefine.obj (.econst:_sParaData_Group10)
                  0033ac44    0000002c     ParaDefine.obj (.econst:_sParaData_Group4)
                  0033ac70    00000024     ParaDefine.obj (.econst:_sParaData_Group15)
                  0033ac94    00000024     ParaDefine.obj (.econst:_sParaData_Group25)
                  0033acb8    00000024     ParaDefine.obj (.econst:_sParaData_Group5)
                  0033acdc    00000020     ParaDefine.obj (.econst:_sParaData_Group1)
                  0033acfc    00000020     ParaDefine.obj (.econst:_sParaData_Group9)
                  0033ad1c    0000001c     DSP28335_Adc_V11.obj (.econst:_$P$T0$1)
                  0033ad38    0000001c     DSP28335_Adc_V11.obj (.econst:_$P$T1$2)
                  0033ad54    0000001c     DSP28335_Adc_V11.obj (.econst:_$P$T2$3)
                  0033ad70    0000001c     ParaDefine.obj (.econst:_sParaData_Group11)
                  0033ad8c    0000001a     DSP28335_Adc_V11.obj (.econst:_$P$T3$4)
                  0033ada6    0000001a     DSP28335_Adc_V11.obj (.econst:_$P$T4$5)
                  0033adc0    0000001a     DSP28335_Adc_V11.obj (.econst:_$P$T5$6)
                  0033adda    00000018     ParaDefine.obj (.econst:_sParaData_Group23)
                  0033adf2    00000014     ParaDefine.obj (.econst:_sParaData_Group2)
                  0033ae06    00000012     ECANA_CH1_NPR_Table_V1.0.obj (.econst:_MPR2NPR_SDOObject_0x4012)
                  0033ae18    00000012     ECANA_CH1_NPR_Table_V1.0.obj (.econst:_MPR2NPR_SDOObject_0x4013)
                  0033ae2a    00000010     ParaDefine.obj (.econst:_sParaData_Group3)
                  0033ae3a    00000010     ParaDefine.obj (.econst:_sParaData_Group7)
                  0033ae4a    0000000c     MCS2MPR_Table_V1.0.obj (.econst:_MCS2MPR_SDOObject_0x1000)
                  0033ae56    0000000c     MCS2MPR_Table_V1.0.obj (.econst:_MCS2MPR_SDOObject_0x1005)
                  0033ae62    0000000c     MCS2MPR_Table_V1.0.obj (.econst:_MCS2MPR_SDOObject_0x1006)
                  0033ae6e    0000000c     MCS2MPR_Table_V1.0.obj (.econst:_MCS2MPR_SDOObject_0x100C)
                  0033ae7a    0000000c     MCS2MPR_Table_V1.0.obj (.econst:_MCS2MPR_SDOObject_0x100D)
                  0033ae86    0000000c     MCS2MPR_Table_V1.0.obj (.econst:_MCS2MPR_SDOObject_0x1018)
                  0033ae92    0000000c     MCS2MPR_Table_V1.0.obj (.econst:_MCS2MPR_SDOObject_0x2000)
                  0033ae9e    0000000c     MCS2MPR_Table_V1.0.obj (.econst:_MCS2MPR_SDOObject_0x2001)
                  0033aeaa    0000000c     MCS2MPR_Table_V1.0.obj (.econst:_MCS2MPR_SDOObject_0x2002)
                  0033aeb6    0000000c     MCS2MPR_Table_V1.0.obj (.econst:_MCS2MPR_SDOObject_0x2003)
                  0033aec2    0000000c     MCS2MPR_Table_V1.0.obj (.econst:_MCS2MPR_SDOObject_0x2010)
                  0033aece    0000000c     MCS2MPR_Table_V1.0.obj (.econst:_MCS2MPR_SDOObject_0x2011)
                  0033aeda    0000000c     MCS2MPR_Table_V1.0.obj (.econst:_MCS2MPR_SDOObject_0x2012)
                  0033aee6    0000000c     MCS2MPR_Table_V1.0.obj (.econst:_MCS2MPR_SDOObject_0x2013)
                  0033aef2    0000000c     MCS2MPR_Table_V1.0.obj (.econst:_MCS2MPR_SDOObject_0x2014)
                  0033aefe    0000000c     MCS2MPR_Table_V1.0.obj (.econst:_MCS2MPR_SDOObject_0x2015)
                  0033af0a    0000000c     MCS2MPR_Table_V1.0.obj (.econst:_MCS2MPR_SDOObject_0x2016)
                  0033af16    0000000c     MCS2MPR_Table_V1.0.obj (.econst:_MCS2MPR_SDOObject_0x2017)
                  0033af22    0000000c     MCS2MPR_Table_V1.0.obj (.econst:_MCS2MPR_SDOObject_0x2018)
                  0033af2e    0000000c     MCS2MPR_Table_V1.0.obj (.econst:_MCS2MPR_SDOObject_0x2019)
                  0033af3a    0000000c     MCS2MPR_Table_V1.0.obj (.econst:_MCS2MPR_SDOObject_0x201A)
                  0033af46    0000000c     MCS2MPR_Table_V1.0.obj (.econst:_MCS2MPR_SDOObject_0x201B)
                  0033af52    0000000c     MCS2MPR_Table_V1.0.obj (.econst:_MCS2MPR_SDOObject_0x201C)
                  0033af5e    0000000c     MCS2MPR_Table_V1.0.obj (.econst:_MCS2MPR_SDOObject_0x201D)
                  0033af6a    0000000c     MCS2MPR_Table_V1.0.obj (.econst:_MCS2MPR_SDOObject_0x201E)
                  0033af76    0000000c     MCS2MPR_Table_V1.0.obj (.econst:_MCS2MPR_SDOObject_0x201F)
                  0033af82    0000000c     ECANA_CH1_NPR_Table_V1.0.obj (.econst:_MPR2NPR_CANSDOSummary)
                  0033af8e    00000006     hal_can.obj (.econst:_$P$T0$1)
                  0033af94    00000004     ParaDefine.obj (.econst:_sParaData_Group12)
                  0033af98    00000004     ParaDefine.obj (.econst:_sParaData_Group17)
                  0033af9c    00000004     ParaDefine.obj (.econst:_sParaData_Group18)
                  0033afa0    00000004     ParaDefine.obj (.econst:_sParaData_Group19)
                  0033afa4    00000004     ParaDefine.obj (.econst:_sParaData_Group20)
                  0033afa8    00000004     ParaDefine.obj (.econst:_sParaData_Group21)
                  0033afac    00000004     ParaDefine.obj (.econst:_sParaData_Group22)
                  0033afb0    00000004     ParaDefine.obj (.econst:_sParaData_Group24)

DevEmuRegsFile 
*          1    00000880    000000d0     UNINITIALIZED
                  00000880    000000d0     DSP2833x_GlobalVariableDefs.obj (DevEmuRegsFile)

FlashRegsFile 
*          1    00000a80    00000008     UNINITIALIZED
                  00000a80    00000008     DSP2833x_GlobalVariableDefs.obj (FlashRegsFile)

CsmRegsFile 
*          1    00000ae0    00000010     UNINITIALIZED
                  00000ae0    00000010     DSP2833x_GlobalVariableDefs.obj (CsmRegsFile)

AdcMirrorFile 
*          1    00000b00    00000010     UNINITIALIZED
                  00000b00    00000010     DSP2833x_GlobalVariableDefs.obj (AdcMirrorFile)

XintfRegsFile 
*          1    00000b20    0000001e     UNINITIALIZED
                  00000b20    0000001e     DSP2833x_GlobalVariableDefs.obj (XintfRegsFile)

CpuTimer0RegsFile 
*          1    00000c00    00000008     UNINITIALIZED
                  00000c00    00000008     DSP2833x_GlobalVariableDefs.obj (CpuTimer0RegsFile)

CpuTimer1RegsFile 
*          1    00000c08    00000008     UNINITIALIZED
                  00000c08    00000008     DSP2833x_GlobalVariableDefs.obj (CpuTimer1RegsFile)

CpuTimer2RegsFile 
*          1    00000c10    00000008     UNINITIALIZED
                  00000c10    00000008     DSP2833x_GlobalVariableDefs.obj (CpuTimer2RegsFile)

PieCtrlRegsFile 
*          1    00000ce0    0000001a     UNINITIALIZED
                  00000ce0    0000001a     DSP2833x_GlobalVariableDefs.obj (PieCtrlRegsFile)

PieVectTableFile 
*          1    00000d00    00000100     UNINITIALIZED
                  00000d00    00000100     DSP2833x_GlobalVariableDefs.obj (PieVectTableFile)

DmaRegsFile 
*          1    00001000    000000e0     UNINITIALIZED
                  00001000    000000e0     DSP2833x_GlobalVariableDefs.obj (DmaRegsFile)

McbspaRegsFile 
*          1    00005000    00000025     UNINITIALIZED
                  00005000    00000025     DSP2833x_GlobalVariableDefs.obj (McbspaRegsFile)

McbspbRegsFile 
*          1    00005040    00000025     UNINITIALIZED
                  00005040    00000025     DSP2833x_GlobalVariableDefs.obj (McbspbRegsFile)

ECanaRegsFile 
*          1    00006000    00000034     UNINITIALIZED
                  00006000    00000034     DSP2833x_GlobalVariableDefs.obj (ECanaRegsFile)

ECanaLAMRegsFile 
*          1    00006040    00000040     UNINITIALIZED
                  00006040    00000040     DSP2833x_GlobalVariableDefs.obj (ECanaLAMRegsFile)

ECanaMOTSRegsFile 
*          1    00006080    00000040     UNINITIALIZED
                  00006080    00000040     DSP2833x_GlobalVariableDefs.obj (ECanaMOTSRegsFile)

ECanaMOTORegsFile 
*          1    000060c0    00000040     UNINITIALIZED
                  000060c0    00000040     DSP2833x_GlobalVariableDefs.obj (ECanaMOTORegsFile)

ECanaMboxesFile 
*          1    00006100    00000100     UNINITIALIZED
                  00006100    00000100     DSP2833x_GlobalVariableDefs.obj (ECanaMboxesFile)

ECanbRegsFile 
*          1    00006200    00000034     UNINITIALIZED
                  00006200    00000034     DSP2833x_GlobalVariableDefs.obj (ECanbRegsFile)

ECanbLAMRegsFile 
*          1    00006240    00000040     UNINITIALIZED
                  00006240    00000040     DSP2833x_GlobalVariableDefs.obj (ECanbLAMRegsFile)

ECanbMOTSRegsFile 
*          1    00006280    00000040     UNINITIALIZED
                  00006280    00000040     DSP2833x_GlobalVariableDefs.obj (ECanbMOTSRegsFile)

ECanbMOTORegsFile 
*          1    000062c0    00000040     UNINITIALIZED
                  000062c0    00000040     DSP2833x_GlobalVariableDefs.obj (ECanbMOTORegsFile)

ECanbMboxesFile 
*          1    00006300    00000100     UNINITIALIZED
                  00006300    00000100     DSP2833x_GlobalVariableDefs.obj (ECanbMboxesFile)

EPwm1RegsFile 
*          1    00006800    00000022     UNINITIALIZED
                  00006800    00000022     DSP2833x_GlobalVariableDefs.obj (EPwm1RegsFile)

EPwm2RegsFile 
*          1    00006840    00000022     UNINITIALIZED
                  00006840    00000022     DSP2833x_GlobalVariableDefs.obj (EPwm2RegsFile)

EPwm3RegsFile 
*          1    00006880    00000022     UNINITIALIZED
                  00006880    00000022     DSP2833x_GlobalVariableDefs.obj (EPwm3RegsFile)

EPwm4RegsFile 
*          1    000068c0    00000022     UNINITIALIZED
                  000068c0    00000022     DSP2833x_GlobalVariableDefs.obj (EPwm4RegsFile)

EPwm5RegsFile 
*          1    00006900    00000022     UNINITIALIZED
                  00006900    00000022     DSP2833x_GlobalVariableDefs.obj (EPwm5RegsFile)

EPwm6RegsFile 
*          1    00006940    00000022     UNINITIALIZED
                  00006940    00000022     DSP2833x_GlobalVariableDefs.obj (EPwm6RegsFile)

ECap1RegsFile 
*          1    00006a00    00000020     UNINITIALIZED
                  00006a00    00000020     DSP2833x_GlobalVariableDefs.obj (ECap1RegsFile)

ECap2RegsFile 
*          1    00006a20    00000020     UNINITIALIZED
                  00006a20    00000020     DSP2833x_GlobalVariableDefs.obj (ECap2RegsFile)

ECap3RegsFile 
*          1    00006a40    00000020     UNINITIALIZED
                  00006a40    00000020     DSP2833x_GlobalVariableDefs.obj (ECap3RegsFile)

ECap4RegsFile 
*          1    00006a60    00000020     UNINITIALIZED
                  00006a60    00000020     DSP2833x_GlobalVariableDefs.obj (ECap4RegsFile)

ECap5RegsFile 
*          1    00006a80    00000020     UNINITIALIZED
                  00006a80    00000020     DSP2833x_GlobalVariableDefs.obj (ECap5RegsFile)

ECap6RegsFile 
*          1    00006aa0    00000020     UNINITIALIZED
                  00006aa0    00000020     DSP2833x_GlobalVariableDefs.obj (ECap6RegsFile)

EQep1RegsFile 
*          1    00006b00    00000040     UNINITIALIZED
                  00006b00    00000040     DSP2833x_GlobalVariableDefs.obj (EQep1RegsFile)

EQep2RegsFile 
*          1    00006b40    00000040     UNINITIALIZED
                  00006b40    00000040     DSP2833x_GlobalVariableDefs.obj (EQep2RegsFile)

GpioCtrlRegsFile 
*          1    00006f80    0000002e     UNINITIALIZED
                  00006f80    0000002e     DSP2833x_GlobalVariableDefs.obj (GpioCtrlRegsFile)

GpioDataRegsFile 
*          1    00006fc0    00000020     UNINITIALIZED
                  00006fc0    00000020     DSP2833x_GlobalVariableDefs.obj (GpioDataRegsFile)

GpioIntRegsFile 
*          1    00006fe0    0000000a     UNINITIALIZED
                  00006fe0    0000000a     DSP2833x_GlobalVariableDefs.obj (GpioIntRegsFile)

SysCtrlRegsFile 
*          1    00007010    00000020     UNINITIALIZED
                  00007010    00000020     DSP2833x_GlobalVariableDefs.obj (SysCtrlRegsFile)

SpiaRegsFile 
*          1    00007040    00000010     UNINITIALIZED
                  00007040    00000010     DSP2833x_GlobalVariableDefs.obj (SpiaRegsFile)

SciaRegsFile 
*          1    00007050    00000010     UNINITIALIZED
                  00007050    00000010     DSP2833x_GlobalVariableDefs.obj (SciaRegsFile)

XIntruptRegsFile 
*          1    00007070    00000010     UNINITIALIZED
                  00007070    00000010     DSP2833x_GlobalVariableDefs.obj (XIntruptRegsFile)

AdcRegsFile 
*          1    00007100    0000001e     UNINITIALIZED
                  00007100    0000001e     DSP2833x_GlobalVariableDefs.obj (AdcRegsFile)

ScibRegsFile 
*          1    00007750    00000010     UNINITIALIZED
                  00007750    00000010     DSP2833x_GlobalVariableDefs.obj (ScibRegsFile)

ScicRegsFile 
*          1    00007770    00000010     UNINITIALIZED
                  00007770    00000010     DSP2833x_GlobalVariableDefs.obj (ScicRegsFile)

I2caRegsFile 
*          1    00007900    00000022     UNINITIALIZED
                  00007900    00000022     DSP2833x_GlobalVariableDefs.obj (I2caRegsFile)

CsmPwlFile 
*          1    0033fff8    00000008     UNINITIALIZED
                  0033fff8    00000008     DSP2833x_GlobalVariableDefs.obj (CsmPwlFile)

PartIdRegsFile 
*          1    00380090    00000001     UNINITIALIZED
                  00380090    00000001     DSP2833x_GlobalVariableDefs.obj (PartIdRegsFile)

.pinit     0    00330000    00000000     UNINITIALIZED

.text      0    00330000    00009382     
                  00330000    000016ae     Main.obj (.text)
                  003316ae    00000bba     DataLog_V1.11_20160712.obj (.text)
                  00332268    000008ff     Pub_ECAN_CHx_Protocol_V1.0.obj (.text)
                  00332b67    000007a2     MCS2MPR_Protocol_V1.0.obj (.text)
                  00333309    00000640     DSP28335_Spi_EEPROM_Protocol_V1.0.obj (.text)
                  00333949    000005cb     Arithmetic.obj (.text)
                  00333f14    000004e0     CtrlSource.obj (.text)
                  003343f4    000004ce     EventLog_V1.11_20160712.obj (.text)
                  003348c2    00000486     DSP28335_Xintf_V1.0.obj (.text)
                  00334d48    0000047d     Main.obj (.text:retain)
                  003351c5    0000044d     Modbus_Data_Process.obj (.text)
                  00335612    00000416     Flash_Comm_V1.10.obj (.text)
                  00335a28    00000415     DSP28335_ECanA_Protocol_V1.0.obj (.text)
                  00335e3d    000003b1     ModbusM_Protocol.obj (.text)
                  003361ee    0000031c     DSP28335_Adc_V11.obj (.text)
                  0033650a    00000316     DSP2833x_DefaultIsr.obj (.text:retain)
                  00336820    000002ec     CanDrive.obj (.text)
                  00336b0c    000002e2     MessageParse_V1.06_20160712.obj (.text)
                  00336dee    000002c5     softscope_V1.03_20160712.obj (.text)
                  003370b3    0000029e     VariableDef.obj (.text)
                  00337351    0000029d     ParaDeal_V1.06_20160712.obj (.text)
                  003375ee    0000028a     EEPROM_APP_V1.04_20150513.obj (.text)
                  00337878    0000022d     DSP28335EPWM.obj (.text)
                  00337aa5    000001d8     DSP28335_ECanB_Protocol_V1.0.obj (.text)
                  00337c7d    0000019f     ModbusRTU_Protocol.obj (.text)
                  00337e1c    0000019f     can_fifo.obj (.text)
                  00337fbb    0000019a     hal_can.obj (.text)
                  00338155    00000181     SciBConfig_IO.obj (.text)
                  003382d6    00000167     DSP28335_ECanB_Reg_V1.0.obj (.text)
                  0033843d    00000135     Flash_CMD_SET_V2.00.obj (.text)
                  00338572    00000128     ModbusRTU_APP.obj (.text)
                  0033869a    00000115     DSP28335_ECanA_Reg_V1.0.obj (.text)
                  003387af    00000115     DSP2833x_Gpio.obj (.text)
                  003388c4    000000fb     Sci_ModbusM_Config.obj (.text)
                  003389bf    000000f2     DSP2833x_SysCtrl.obj (.text)
                  00338ab1    000000dc     event.obj (.text:retain)
                  00338b8d    000000c1     Sci_Modbus_Config.obj (.text)
                  00338c4e    000000bc     Version_Protocol.obj (.text)
                  00338d0a    000000af     ECANB_Data_Process.obj (.text)
                  00338db9    0000008d     DSP2833x_DMA_Reg_V1.00_MCBSPA.obj (.text)
                  00338e46    00000088     rts2800_fpu32.lib : fs_div28.asm.obj (.text)
                  00338ece    00000079     hal_timer.obj (.text)
                  00338f47    00000078     Flash_CMD_Macro_V2.00.obj (.text)
                  00338fbf    00000066     rts2800_fpu32.lib : s_sinf.c.obj (.text)
                  00339025    00000063                       : s_cosf.c.obj (.text)
                  00339088    00000056                       : boot28.asm.obj (.text)
                  003390de    00000051     DSP28335_CpuTimers.obj (.text)
                  0033912f    0000004d     DSP28335_Spi_Reg_V1.0.obj (.text)
                  0033917c    0000004c     TimerDrive.obj (.text)
                  003391c8    00000046     DSP2833x_MCBSPB_Reg.obj (.text)
                  0033920e    0000003e     Zone7Data.obj (.text)
                  0033924c    0000002a     rts2800_fpu32.lib : l_div28.asm.obj (.text)
                  00339276    00000029                       : exit.c.obj (.text)
                  0033929f    00000026     DSP2833x_PieCtrl.obj (.text)
                  003392c5    00000024     rts2800_fpu32.lib : cpy_tbl.c.obj (.text)
                  003392e9    00000022                       : i_div28.asm.obj (.text)
                  0033930b    00000020     DSP2833x_PieVect.obj (.text)
                  0033932b    0000001d     rts2800_fpu32.lib : memcpy.c.obj (.text)
                  00339348    00000012                       : args_main.c.obj (.text)
                  0033935a    0000000b                       : u_div28.asm.obj (.text)
                  00339365    00000009                       : _lock.c.obj (.text)
                  0033936e    00000008     DSP2833x_CodeStartBranch.obj (.text)
                  00339376    00000007     rts2800_fpu32.lib : memset.c.obj (.text)
                  0033937d    00000002     ECANA_Data_Process.obj (.text)
                  0033937f    00000002     rts2800_fpu32.lib : pre_init.c.obj (.text)
                  00339381    00000001                       : startup.c.obj (.text)

codestart 
*          0    0033fff6    00000002     
                  0033fff6    00000002     DSP2833x_CodeStartBranch.obj (codestart)

.stack     1    00000400    00000300     UNINITIALIZED
                  00000400    00000300     --HOLE--

.ebss      1    00009000    00001bd8     UNINITIALIZED
                  00009000    00000400     Comm_VariableDef.obj (.ebss:_SCIBSendBuffer)
                  00009400    000003ca     VariableDef.obj (.ebss)
                  000097ca    00000034     Version_Table.obj (.ebss:_Conv_List_Ver)
                  000097fe    00000002     CurrHarmCtrl.obj (.ebss)
                  00009800    00000200     Comm_VariableDef.obj (.ebss:_SCIBRecvBuffer)
                  00009a00    000001e0     can_fifo.obj (.ebss:_GsCANx_BufferTx)
                  00009be0    00000020     Comm_VariableDef.obj (.ebss:_DataLog_SaveAnalogCHID)
                  00009c00    00000129     Sci_ModbusM_Config.obj (.ebss)
                  00009d29    00000010     Comm_VariableDef.obj (.ebss:_CANARPDO)
                  00009d39    00000007     Flash_Comm_V1.10.obj (.ebss)
                  00009d40    000000bc     hal_can.obj (.ebss)
                  00009dfc    00000004     ECANB_Data_Process.obj (.ebss)
                  00009e00    000000a0     Comm_VariableDef.obj (.ebss)
                  00009ea0    00000020     Comm_VariableDef.obj (.ebss:_DataLog_SaveDigitCHBit)
                  00009ec0    000000a0     hal_can.obj (.ebss:_canRxBuf)
                  00009f60    00000020     Comm_VariableDef.obj (.ebss:_DataLog_SaveDigitCHID)
                  00009f80    00000082     Comm_VariableDef.obj (.ebss:_DataLog_ChannelSend)
                  0000a002    00000034     Version_Table.obj (.ebss:_Conv_Type_Ver)
                  0000a036    0000000a     DSP28335_ECanB_Protocol_V1.0.obj (.ebss)
                  0000a040    00000082     Comm_VariableDef.obj (.ebss:_DataLog_Trig)
                  0000a0c2    00000034     Version_Table.obj (.ebss:_RTM_File_Ver)
                  0000a0f6    0000000a     Version_Table.obj (.ebss:_FPGA_Ver)
                  0000a100    00000080     Comm_VariableDef.obj (.ebss:_EventLog_ReadBuf)
                  0000a180    00000080     Comm_VariableDef.obj (.ebss:_EventLog_SaveBuf)
                  0000a200    00000080     Comm_VariableDef.obj (.ebss:_Modbus_RecvBuffer)
                  0000a280    00000080     Comm_VariableDef.obj (.ebss:_Modbus_SendBuffer)
                  0000a300    00000080     Comm_VariableDef.obj (.ebss:_SPIBuffer)
                  0000a380    00000080     Main.obj (.ebss:_fCycBuf)
                  0000a400    00000080     Main.obj (.ebss:_fIsrBuf)
                  0000a480    00000080     Main.obj (.ebss:_iCycBuf)
                  0000a500    00000080     Main.obj (.ebss:_iIsrBuf)
                  0000a580    00000080     Main.obj (.ebss:_lCycBuf)
                  0000a600    00000080     Main.obj (.ebss:_lIsrBuf)
                  0000a680    0000007c     ModbusM_Protocol.obj (.ebss)
                  0000a6fc    00000004     EventLog_V1.11_20160712.obj (.ebss)
                  0000a700    00000060     Comm_VariableDef.obj (.ebss:_CANAMB0SendBuffer)
                  0000a760    00000020     RTU_ParaDefine.obj (.ebss:_InputRegBuf)
                  0000a780    00000040     Comm_VariableDef.obj (.ebss:_DataLog_AnalogAddr)
                  0000a7c0    00000040     Comm_VariableDef.obj (.ebss:_DataLog_DigitAddr)
                  0000a800    00000034     Version_Table.obj (.ebss:_Soft_Ver)
                  0000a834    0000000c     DataLog_V1.11_20160712.obj (.ebss)
                  0000a840    00000032     RTU_ParaDefine.obj (.ebss:_HoldRegBuf)
                  0000a872    0000000a     hal_timer.obj (.ebss)
                  0000a87c    00000004     MCS2MPR_Protocol_V1.0.obj (.ebss)
                  0000a880    00000032     Comm_VariableDef.obj (.ebss:_SoftScope_buffer)
                  0000a8b2    00000009     Comm_VariableDef.obj (.ebss:_Flash_PSNSerial)
                  0000a8bb    00000005     MCS2MPR_Table_V1.0.obj (.ebss)
                  0000a8c0    00000030     Comm_VariableDef.obj (.ebss:_CANBMB0PDOSendBuffer)
                  0000a8f0    00000010     Comm_VariableDef.obj (.ebss:_CANATPDO)
                  0000a900    00000030     Comm_VariableDef.obj (.ebss:_CANBMB0SDOSendBuffer)
                  0000a930    00000010     Comm_VariableDef.obj (.ebss:_CANBRPDO)
                  0000a940    00000030     Comm_VariableDef.obj (.ebss:_CANBMB4RecvBuffer)
                  0000a970    00000010     Comm_VariableDef.obj (.ebss:_CANBTPDO)
                  0000a980    00000030     Comm_VariableDef.obj (.ebss:_CANBMB5RecvBuffer)
                  0000a9b0    00000010     VariableDef.obj (.ebss:_InterADValue)
                  0000a9c0    00000028     can_agent.obj (.ebss)
                  0000a9e8    00000018     DSP28335_CpuTimers.obj (.ebss)
                  0000aa00    00000023     ParaDefine.obj (.ebss:_GroupCtrl)
                  0000aa23    00000001     EEPROM_APP_V1.04_20150513.obj (.ebss)
                  0000aa24    0000001c     can_app.obj (.ebss)
                  0000aa40    00000020     VariableDef.obj (.ebss:_ResSample)
                  0000aa60    00000020     VariableDef.obj (.ebss:_TemprCalc)
                  0000aa80    00000020     VariableDef.obj (.ebss:_VolSample)
                  0000aaa0    00000018     Comm_VariableDef.obj (.ebss:_CANAMB4RecvBuffer)
                  0000aab8    00000008     Comm_VariableDef.obj (.ebss:_DataLog_TrigAnalogAddr)
                  0000aac0    00000018     Comm_VariableDef.obj (.ebss:_CANAMB5RecvBuffer)
                  0000aad8    00000018     Comm_VariableDef.obj (.ebss:_CANAMB6RecvBuffer)
                  0000aaf0    00000010     ParaDefine.obj (.ebss:_Monitor_ADDR)
                  0000ab00    00000018     Comm_VariableDef.obj (.ebss:_CANAMB7RecvBuffer)
                  0000ab18    00000018     Comm_VariableDef.obj (.ebss:_CANAMB8RecvBuffer)
                  0000ab30    00000010     VariableDef.obj (.ebss:_NTC_tempf)
                  0000ab40    00000010     Comm_VariableDef.obj (.ebss:_SoftScope_AnalogChaddr)
                  0000ab50    00000010     Comm_VariableDef.obj (.ebss:_SoftScope_DigitChaddr)
                  0000ab60    00000008     Comm_VariableDef.obj (.ebss:_DataLog_TrigDigitAddr)
                  0000ab68    00000008     Comm_VariableDef.obj (.ebss:_SoftScope_AnalogChID)
                  0000ab70    00000008     Comm_VariableDef.obj (.ebss:_SoftScope_DigitChBit)
                  0000ab78    00000008     Comm_VariableDef.obj (.ebss:_SoftScope_DigitChID)
                  0000ab80    00000008     can_adapter.obj (.ebss)
                  0000ab88    00000006     ECANA_CH1_NPR_Table_V1.0.obj (.ebss)
                  0000ab8e    00000006     SciBConfig_IO.obj (.ebss)
                  0000ab94    00000006     rts2800_fpu32.lib : exit.c.obj (.ebss)
                  0000ab9a    00000004     ParaDefine.obj (.ebss)
                  0000ab9e    00000004     Comm_VariableDef.obj (.ebss:_DataLog_TrigAnalogCHID)
                  0000aba2    00000004     Comm_VariableDef.obj (.ebss:_DataLog_TrigAnalogCHThr)
                  0000aba6    00000004     Comm_VariableDef.obj (.ebss:_DataLog_TrigAnalogValueOld)
                  0000abaa    00000004     Comm_VariableDef.obj (.ebss:_DataLog_TrigDigitCHBit)
                  0000abae    00000004     Comm_VariableDef.obj (.ebss:_DataLog_TrigDigitCHID)
                  0000abb2    00000004     RTU_ParaDefine.obj (.ebss:_RTUGroup)
                  0000abb6    00000004     hal_can.obj (.ebss:_SpCAN_CallbackTx)
                  0000abba    00000004     can_fifo.obj (.ebss:_SsCAN_TxBuffer)
                  0000abbe    00000002     can_fifo.obj (.ebss:_SbTxPortAvailable)
                  0000abc0    00000003     DSP28335_ECanA_Protocol_V1.0.obj (.ebss)
                  0000abc3    00000003     Comm_VariableDef.obj (.ebss:_Flash_MID)
                  0000abc6    00000002     can_fifo.obj (.ebss:_Su8CAN_TxHead)
                  0000abc8    00000002     can_fifo.obj (.ebss:_Su8CAN_TxLength)
                  0000abca    00000002     can_fifo.obj (.ebss:_Su8CAN_TxMaxSize)
                  0000abcc    00000002     can_fifo.obj (.ebss:_Su8CAN_TxSize)
                  0000abce    00000002     can_fifo.obj (.ebss:_Su8CAN_TxTail)
                  0000abd0    00000002     rts2800_fpu32.lib : _lock.c.obj (.ebss:__lock)
                  0000abd2    00000002                       : _lock.c.obj (.ebss:__unlock)
                  0000abd4    00000002     section_cabinet.obj (.ebss)
                  0000abd6    00000001     RTU_ParaDefine.obj (.ebss)
                  0000abd7    00000001     softscope_V1.03_20160712.obj (.ebss)

IQmath     0    00328000    00000047     
                  00328000    00000047     IQmath_fpu32.lib : IQ1div.obj (IQmath)

IQmathTables 
*          0    003fe000    00000b50     NOLOAD SECTION
                  003fe000    00000b50     IQmath_fpu32.lib : IQmathTables.obj (IQmathTables)

DMARAML7   1    0000f000    00000142     UNINITIALIZED
                  0000f000    00000142     DSP2833x_DMA_Reg_V1.00_MCBSPA.obj (DMARAML7)

ZONE7DATA 
*          1    00200000    00057e60     UNINITIALIZED
                  00200000    00057e60     Zone7Data.obj (ZONE7DATA)

.reset     0    003fffc0    00000002     DSECT
                  003fffc0    00000002     rts2800_fpu32.lib : boot28.asm.obj (.reset)

vectors    0    003fffc2    00000000     DSECT

.adc_cal   0    00380080    00000007     NOLOAD SECTION
                  00380080    00000007     DSP2833x_ADC_cal.obj (.adc_cal)

MODULE SUMMARY

       Module                                  code    initialized data   uninitialized data
       ------                                  ----    ----------------   ------------------
    .\App\Can\
       can_app.obj                             0       5                  28                
    +--+---------------------------------------+-------+------------------+--------------------+
       Total:                                  0       5                  28                
                                                                                            
    .\Arithmetic\
       Arithmetic.obj                          1483    48                 0                 
       CtrlSource.obj                          1248    0                  0                 
       CurrHarmCtrl.obj                        0       8                  2                 
    +--+---------------------------------------+-------+------------------+--------------------+
       Total:                                  2731    56                 2                 
                                                                                            
    .\ECANA\
       DSP28335_ECanA_Protocol_V1.0.obj        1045    12                 3                 
       DSP28335_ECanA_Reg_V1.0.obj             277     0                  0                 
       ECANA_CH1_NPR_Table_V1.0.obj            0       192                6                 
       ECANA_Data_Process.obj                  2       0                  0                 
    +--+---------------------------------------+-------+------------------+--------------------+
       Total:                                  1324    204                9                 
                                                                                            
    .\ECANB\
       MCS2MPR_Protocol_V1.0.obj               1954    16                 4                 
       DSP28335_ECanB_Protocol_V1.0.obj        1158    8                  10                
       MCS2MPR_Table_V1.0.obj                  0       532                5                 
       DSP28335_ECanB_Reg_V1.0.obj             359     0                  0                 
       ECANB_Data_Process.obj                  175     16                 4                 
    +--+---------------------------------------+-------+------------------+--------------------+
       Total:                                  3646    572                23                
                                                                                            
    .\MCBSP_FLASH\
       DSP2833x_MCBSPB_Reg.obj                 70      0                  0                 
    +--+---------------------------------------+-------+------------------+--------------------+
       Total:                                  70      0                  0                 
                                                                                            
    .\Main\
       Main.obj                                6955    28                 768               
       Comm_VariableDef.obj                    0       1226               3446              
       VariableDef.obj                         670     2456               1098              
    +--+---------------------------------------+-------+------------------+--------------------+
       Total:                                  7625    3710               5312              
                                                                                            
    .\Reg_Source\
       Zone7Data.obj                           62      0                  360032            
       DSP28335_Xintf_V1.0.obj                 1158    0                  0                 
       DSP28335_Adc_V11.obj                    796     162                0                 
       DSP28335EPWM.obj                        567     0                  0                 
       DSP2833x_DMA_Reg_V1.00_MCBSPA.obj       141     0                  322               
       DSP2833x_Gpio.obj                       277     0                  0                 
    +--+---------------------------------------+-------+------------------+--------------------+
       Total:                                  3001    162                360354            
                                                                                            
    .\SCI_ModbusM\
       ModbusM_Protocol.obj                    945     17                 124               
       Sci_ModbusM_Config.obj                  251     4                  297               
    +--+---------------------------------------+-------+------------------+--------------------+
       Total:                                  1196    21                 421               
                                                                                            
    .\SCI_ModbusS\
       Modbus_Data_Process.obj                 1101    0                  0                 
       RTU_ParaDefine.obj                      0       347                87                
       ModbusRTU_Protocol.obj                  415     0                  0                 
       ModbusRTU_APP.obj                       296     0                  0                 
       Sci_Modbus_Config.obj                   193     0                  0                 
    +--+---------------------------------------+-------+------------------+--------------------+
       Total:                                  2005    347                87                
                                                                                            
    .\SCI_Monitor\
       ParaDefine.obj                          0       1065               55                
       SciBConfig_IO.obj                       385     24                 6                 
       Version_Table.obj                       0       54                 218               
       Version_Protocol.obj                    188     0                  0                 
    +--+---------------------------------------+-------+------------------+--------------------+
       Total:                                  573     1143               279               
                                                                                            
    .\SDK\Agent\Can\
       can_agent.obj                           0       32                 40                
    +--+---------------------------------------+-------+------------------+--------------------+
       Total:                                  0       32                 40                
                                                                                            
    .\SDK\Drivers\
       CanDrive.obj                            748     0                  0                 
       TimerDrive.obj                          76      0                  0                 
    +--+---------------------------------------+-------+------------------+--------------------+
       Total:                                  824     0                  0                 
                                                                                            
    .\SDK\Hal\Can\
       can_fifo.obj                            415     0                  496               
       hal_can.obj                             410     31                 352               
    +--+---------------------------------------+-------+------------------+--------------------+
       Total:                                  825     31                 848               
                                                                                            
    .\SDK\Hal\Event\
       event.obj                               220     0                  0                 
    +--+---------------------------------------+-------+------------------+--------------------+
       Total:                                  220     0                  0                 
                                                                                            
    .\SDK\Hal\Timer\
       hal_timer.obj                           121     27                 10                
    +--+---------------------------------------+-------+------------------+--------------------+
       Total:                                  121     27                 10                
                                                                                            
    .\SPI_EEPROM\
       DSP28335_Spi_Reg_V1.0.obj               77      0                  0                 
    +--+---------------------------------------+-------+------------------+--------------------+
       Total:                                  77      0                  0                 
                                                                                            
    .\Services\Adapter\
       can_adapter.obj                         0       0                  8                 
    +--+---------------------------------------+-------+------------------+--------------------+
       Total:                                  0       0                  8                 
                                                                                            
    .\Services\Logic\
       section_cabinet.obj                     0       305                2                 
    +--+---------------------------------------+-------+------------------+--------------------+
       Total:                                  0       305                2                 
                                                                                            
    .\System\
       DSP2833x_GlobalVariableDefs.obj         0       0                  2679              
       DSP2833x_DefaultIsr.obj                 790     0                  0                 
       DSP2833x_SysCtrl.obj                    296     0                  0                 
       DSP2833x_PieVect.obj                    32      256                0                 
       DSP28335_CpuTimers.obj                  81      0                  24                
       DSP2833x_PieCtrl.obj                    38      0                  0                 
       DSP2833x_CodeStartBranch.obj            10      0                  0                 
       DSP2833x_ADC_cal.obj                    7       0                  0                 
    +--+---------------------------------------+-------+------------------+--------------------+
       Total:                                  1254    256                2703              
                                                                                            
    D:\workspaces\MPR_500kW\DSP28335_Project\source\ECANA\
       Pub_ECAN_CHx_Protocol_V1.0.obj          2303    0                  0                 
    +--+---------------------------------------+-------+------------------+--------------------+
       Total:                                  2303    0                  0                 
                                                                                            
    D:\workspaces\MPR_500kW\DSP28335_Project\source\MCBSP_Flash\
       Flash_Comm_V1.10.obj                    1046    8                  7                 
       Flash_CMD_SET_V2.00.obj                 309     0                  0                 
       Flash_CMD_Macro_V2.00.obj               120     0                  0                 
    +--+---------------------------------------+-------+------------------+--------------------+
       Total:                                  1475    8                  7                 
                                                                                            
    D:\workspaces\MPR_500kW\DSP28335_Project\source\SCI_monitor\
       DataLog_V1.11_20160712.obj              3002    35                 12                
       EventLog_V1.11_20160712.obj             1230    13                 4                 
       MessageParse_V1.06_20160712.obj         738     256                0                 
       softscope_V1.03_20160712.obj            709     4                  1                 
       ParaDeal_V1.06_20160712.obj             669     0                  0                 
    +--+---------------------------------------+-------+------------------+--------------------+
       Total:                                  6348    308                17                
                                                                                            
    D:\workspaces\MPR_500kW\DSP28335_Project\source\SPI_EEPROM\
       DSP28335_Spi_EEPROM_Protocol_V1.0.obj   1600    0                  0                 
       EEPROM_APP_V1.04_20150513.obj           650     4                  1                 
    +--+---------------------------------------+-------+------------------+--------------------+
       Total:                                  2250    4                  1                 
                                                                                            
    D:/workspaces/MPR_500kW/DSP2833x_common/lib/IQmath_fpu32.lib
       IQmathTables.obj                        0       2896               0                 
       IQ1div.obj                              71      0                  0                 
    +--+---------------------------------------+-------+------------------+--------------------+
       Total:                                  71      2896               0                 
                                                                                            
    D:\ccs\ccsv6\tools\compiler\ti-cgt-c2000_22.6.2.LTS\lib\rts2800_fpu32.lib
       fs_div28.asm.obj                        136     0                  0                 
       s_sinf.c.obj                            102     0                  0                 
       s_cosf.c.obj                            99      0                  0                 
       boot28.asm.obj                          86      0                  0                 
       exit.c.obj                              41      14                 6                 
       l_div28.asm.obj                         42      0                  0                 
       cpy_tbl.c.obj                           36      0                  0                 
       i_div28.asm.obj                         34      0                  0                 
       memcpy.c.obj                            29      0                  0                 
       _lock.c.obj                             9       10                 4                 
       args_main.c.obj                         18      0                  0                 
       u_div28.asm.obj                         11      0                  0                 
       memset.c.obj                            7       0                  0                 
       pre_init.c.obj                          2       0                  0                 
       startup.c.obj                           1       0                  0                 
    +--+---------------------------------------+-------+------------------+--------------------+
       Total:                                  653     24                 10                
                                                                                            
       Stack:                                  0       0                  768               
    +--+---------------------------------------+-------+------------------+--------------------+
       Grand Total:                            38592   10111              370929            


GLOBAL DATA SYMBOLS: SORTED BY DATA PAGE

address     data page           name
--------    ----------------    ----
00000400      10 (00000400)     __stack

00000880      22 (00000880)     _DevEmuRegs

00000a80      2a (00000a80)     _FlashRegs

00000ae0      2b (00000ac0)     _CsmRegs

00000b00      2c (00000b00)     _AdcMirror
00000b20      2c (00000b00)     _XintfRegs

00000c00      30 (00000c00)     _CpuTimer0Regs
00000c08      30 (00000c00)     _CpuTimer1Regs
00000c10      30 (00000c00)     _CpuTimer2Regs

00000ce0      33 (00000cc0)     _PieCtrlRegs

00000d00      34 (00000d00)     _PieVectTable

00001000      40 (00001000)     _DmaRegs

00005000     140 (00005000)     _McbspaRegs

00005040     141 (00005040)     _McbspbRegs

00006000     180 (00006000)     _ECanaRegs

00006040     181 (00006040)     _ECanaLAMRegs

00006080     182 (00006080)     _ECanaMOTSRegs

000060c0     183 (000060c0)     _ECanaMOTORegs

00006100     184 (00006100)     _ECanaMboxes

00006200     188 (00006200)     _ECanbRegs

00006240     189 (00006240)     _ECanbLAMRegs

00006280     18a (00006280)     _ECanbMOTSRegs

000062c0     18b (000062c0)     _ECanbMOTORegs

00006300     18c (00006300)     _ECanbMboxes

00006800     1a0 (00006800)     _EPwm1Regs

00006840     1a1 (00006840)     _EPwm2Regs

00006880     1a2 (00006880)     _EPwm3Regs

000068c0     1a3 (000068c0)     _EPwm4Regs

00006900     1a4 (00006900)     _EPwm5Regs

00006940     1a5 (00006940)     _EPwm6Regs

00006a00     1a8 (00006a00)     _ECap1Regs
00006a20     1a8 (00006a00)     _ECap2Regs

00006a40     1a9 (00006a40)     _ECap3Regs
00006a60     1a9 (00006a40)     _ECap4Regs

00006a80     1aa (00006a80)     _ECap5Regs
00006aa0     1aa (00006a80)     _ECap6Regs

00006b00     1ac (00006b00)     _EQep1Regs

00006b40     1ad (00006b40)     _EQep2Regs

00006f80     1be (00006f80)     _GpioCtrlRegs

00006fc0     1bf (00006fc0)     _GpioDataRegs
00006fe0     1bf (00006fc0)     _GpioIntRegs

00007010     1c0 (00007000)     _SysCtrlRegs

00007040     1c1 (00007040)     _SpiaRegs
00007050     1c1 (00007040)     _SciaRegs
00007070     1c1 (00007040)     _XIntruptRegs

00007100     1c4 (00007100)     _AdcRegs

00007750     1dd (00007740)     _ScibRegs
00007770     1dd (00007740)     _ScicRegs

00007900     1e4 (00007900)     _I2caRegs

00009000     240 (00009000)     _SCIBSendBuffer

00009400     250 (00009400)     _FpgaVerCode
00009401     250 (00009400)     _DeviceNum
00009402     250 (00009400)     _ParaSaveFlag
00009403     250 (00009400)     _ParaSaveFlagOld
00009404     250 (00009400)     _FanIgbt_HMI
00009405     250 (00009400)     _MasToSlaWord
00009406     250 (00009400)     _Mas1ToSlaWord
00009407     250 (00009400)     _Mas2ToSlaWord
00009408     250 (00009400)     _SlaToMasWord
00009409     250 (00009400)     _SlaToMas1Word
0000940a     250 (00009400)     _SlaToMas2Word
0000940b     250 (00009400)     _FpgaSofaFault
0000940c     250 (00009400)     _FltCnt_OverTemp_Transformer
0000940d     250 (00009400)     _FltCnt_OverTemp_Inverter
0000940e     250 (00009400)     _FltCnt_OverTemp_Rectifier
0000940f     250 (00009400)     _Zqwl_Temp_Error
00009410     250 (00009400)     _Can_Temp_Flag
00009411     250 (00009400)     _Test_Time1ms
00009412     250 (00009400)     _IOInputFpga1
00009413     250 (00009400)     _IOInputFpga2
00009414     250 (00009400)     _IOInputFpga3
00009415     250 (00009400)     _IOInput1
00009416     250 (00009400)     _IOInput2
00009417     250 (00009400)     _IOInputEn
00009418     250 (00009400)     _IOInputLogic
00009419     250 (00009400)     _IOInputDisValue
0000941a     250 (00009400)     _IOOutFpga1
0000941b     250 (00009400)     _IOOutFpga1Old
0000941c     250 (00009400)     _IOOutput1
0000941d     250 (00009400)     _IOOutput1Old
0000941e     250 (00009400)     _IOOutCtrl1Word
0000941f     250 (00009400)     _FPGACD4067_SelFlag
00009420     250 (00009400)     _PWMTestA
00009421     250 (00009400)     _PWMTestB
00009422     250 (00009400)     _PWMTestC
00009423     250 (00009400)     _AlarmWord1
00009424     250 (00009400)     _AlarmWord2
00009425     250 (00009400)     _AlarmWord3
00009426     250 (00009400)     _AlarmWord4
00009427     250 (00009400)     _AlarmWord5
00009428     250 (00009400)     _AlarmWord6
00009429     250 (00009400)     _AlarmWord7
0000942a     250 (00009400)     _AlarmWord8
0000942b     250 (00009400)     _AlmCnt_OpearatError
0000942c     250 (00009400)     _MPR_FaultCode
0000942d     250 (00009400)     _MPR_AlarmCode
0000942e     250 (00009400)     _ECANA_FaultCode
0000942f     250 (00009400)     _ECANA_FaultMask
00009430     250 (00009400)     _NPR_ConvHWAMWord
00009431     250 (00009400)     _FltCnt_OverTime_Unload
00009432     250 (00009400)     _FltCnt_OverTime_PreChar
00009433     250 (00009400)     _FltCnt_OverDvalue_Tempr
00009434     250 (00009400)     _FltCnt_OverTemp_IGBT
00009435     250 (00009400)     _FltCnt_OverTime_MasShift
00009436     250 (00009400)     _FltCnt_OverVolt_Work1
00009437     250 (00009400)     _FltCnt_UnderVolt_Work1
00009438     250 (00009400)     _FltCnt_OverVolt_Work2
00009439     250 (00009400)     _FltCnt_UnderVolt_Work2
0000943a     250 (00009400)     _FltCnt_UnderVolt_Udc
0000943b     250 (00009400)     _FltCnt_OverVolt_Udc
0000943c     250 (00009400)     _FltCnt_OverTime_ACB
0000943d     250 (00009400)     _FltCnt_OverTime_FCC
0000943e     250 (00009400)     _FltCnt_OverTime_FanIgbt
0000943f     250 (00009400)     _FltCnt_OverTime_FanCap

00009440     251 (00009440)     _FltCnt_OverCurr_Ipeak
00009441     251 (00009440)     _FltCnt_OverCurr_Irms
00009442     251 (00009440)     _FltCnt_OverCurr_CapIrms
00009443     251 (00009440)     _FltCnt_OverDvalue_Freq
00009444     251 (00009440)     _FltCnt_UnderFreq_Grid
00009445     251 (00009440)     _FltCnt_OverCurr_Isum
00009446     251 (00009440)     _FltCnt_VolgImba_Grid
00009447     251 (00009440)     _FltCnt_OverTime_LockPWM
00009448     251 (00009440)     _FltCnt_ToggHigh_CAN
00009449     251 (00009440)     _FltCnt_ToggLow_CAN
0000944a     251 (00009440)     _FltCnt_OverTime_Cap40uF
0000944b     251 (00009440)     _FltCnt_OverTime_Cap20uF
0000944c     251 (00009440)     _FltCnt_OverTime_NprRun
0000944d     251 (00009440)     _FltCnt_OverImba_Volt
0000944e     251 (00009440)     _FltCnt_OverImba_Curr
0000944f     251 (00009440)     _FltCnt_OverTime_ACB1Out
00009450     251 (00009440)     _FltCnt_OverTime_ACB2Out
00009451     251 (00009440)     _FltCnt_OverTime_ACB3Out
00009452     251 (00009440)     _FltCnt_OverLow_FlowRate
00009453     251 (00009440)     _FltThr_OverTimt_UnloadIn
00009454     251 (00009440)     _MPR_HWFMWord0
00009455     251 (00009440)     _MPR_HWFMWord1
00009456     251 (00009440)     _MPR_HWFMWord2
00009457     251 (00009440)     _MPR_HWFMWord3
00009458     251 (00009440)     _MPR_HWFMWord4
00009459     251 (00009440)     _MPR_HWFMWord5
0000945a     251 (00009440)     _MPR_HWFMWord6
0000945b     251 (00009440)     _MPR_HWFMWord7
0000945c     251 (00009440)     _FaultWord1
0000945d     251 (00009440)     _FaultWord2
0000945e     251 (00009440)     _FaultWord3
0000945f     251 (00009440)     _FaultWord4
00009460     251 (00009440)     _FaultWord5
00009461     251 (00009440)     _FaultWord6
00009462     251 (00009440)     _FaultWord7
00009463     251 (00009440)     _FaultWord8
00009464     251 (00009440)     _Curr_Har1_En
00009465     251 (00009440)     _Curr_Har1_Order
00009466     251 (00009440)     _Curr_Har2_En
00009467     251 (00009440)     _Curr_Har2_Order
00009468     251 (00009440)     _DspToFpgaWord
00009469     251 (00009440)     _FpgaToDspWord
0000946a     251 (00009440)     _Start_WaitTime
0000946b     251 (00009440)     _Start_WaitTimeSet
0000946c     251 (00009440)     _Flag_DspRdFpga
0000946d     251 (00009440)     _Flag_DspWrFpga
0000946e     251 (00009440)     _PowerCtrlWord
0000946f     251 (00009440)     _PowerStatusWord
00009470     251 (00009440)     _MainCtrlWord
00009471     251 (00009440)     _MainCtrlWord_CAN
00009472     251 (00009440)     _MainCtrlWord_PC
00009473     251 (00009440)     _MainCtrlWord_HMI
00009474     251 (00009440)     _MainStusWord
00009475     251 (00009440)     _MainStusWordOld
00009476     251 (00009440)     _CtrlModeWord
00009477     251 (00009440)     _BreakCtrlWord
00009478     251 (00009440)     _BreakStatusWord
00009479     251 (00009440)     _UnloadCtrl_PC
0000947a     251 (00009440)     _FPGACtrlWord
0000947b     251 (00009440)     _Manu_Oper_Force
0000947c     251 (00009440)     _Id_Priority
0000947d     251 (00009440)     _IdqStep_CountMax
0000947e     251 (00009440)     _IdqStep_Count
0000947f     251 (00009440)     _UdqStep_Count

00009480     252 (00009480)     _UdqStep_CountMax
00009481     252 (00009480)     _FastChar_PhaseSel
00009482     252 (00009480)     _FastChar_RiseTime
00009483     252 (00009480)     _FastChar_HoleTime
00009484     252 (00009480)     _FastChar_DownTime
00009485     252 (00009480)     _FastChar_RunStatus
00009486     252 (00009480)     _FastChar_CtrlWord
00009487     252 (00009480)     _FastChar_StopWord
00009488     252 (00009480)     _FastChar_TimeCount
00009489     252 (00009480)     _FastChar_1msCount
0000948a     252 (00009480)     _Udc_SetCount
0000948b     252 (00009480)     _UdcStep_CountMax
0000948c     252 (00009480)     _SysCnt_1msBase
0000948d     252 (00009480)     _SysCnt_1ms
0000948e     252 (00009480)     _SysCnt_1msOld
0000948f     252 (00009480)     _SysCnt_1sBase
00009490     252 (00009480)     _SysCnt_1s
00009491     252 (00009480)     _SysCnt_1sOld
00009492     252 (00009480)     _SysCnt_10msRmsCalc
00009493     252 (00009480)     _CtrlThr_LockPwm_Time
00009494     252 (00009480)     _Status_MPRRun
00009495     252 (00009480)     _CtrlCnt_StartCheck
00009496     252 (00009480)     _CtrlCnt_IgbtFanOn
00009497     252 (00009480)     _CtrlCnt_LedTogg
00009498     252 (00009480)     _CtrlCnt_RstDelay
00009499     252 (00009480)     _CtrlCnt_ManUnload
0000949a     252 (00009480)     _CtrlCnt_IORunRefFeed
0000949b     252 (00009480)     _CtrlCnt_IORstRefFeed
0000949c     252 (00009480)     _CtrlCnt_IOFltDelay
0000949d     252 (00009480)     _CtrlCnt_ReactorFanOn
0000949e     252 (00009480)     _CtrlCnt_SofaStart
0000949f     252 (00009480)     _CtrlCnt_StartNpr
000094a0     252 (00009480)     _CtrlCnt_FltDlyUV1
000094a1     252 (00009480)     _CtrlCnt_FltDlyUV2
000094a2     252 (00009480)     _CtrlCnt_AddBusOk
000094a3     252 (00009480)     _Flag_LockPWM
000094a4     252 (00009480)     _Flag_IORunRef
000094a5     252 (00009480)     _Flag_IORstRef
000094a6     252 (00009480)     _Flag_IORstRefOld
000094a7     252 (00009480)     _Flag_FanCapOn
000094a8     252 (00009480)     _Flag_FanIgbtOn
000094a9     252 (00009480)     _Flag_EEPROMCheck
000094aa     252 (00009480)     _Flag_RstCmdOld
000094ab     252 (00009480)     _Flag_PwmModuMode
000094ac     252 (00009480)     _Flag_PowerOn
000094ad     252 (00009480)     _Flag_WorkMode
000094ae     252 (00009480)     _Flag_WorkModeOld
000094af     252 (00009480)     _CAN_SectorRst_Flag
000094b0     252 (00009480)     _CAN_SectorRst_FlagOld
000094b1     252 (00009480)     _Flag_VoltRef
000094b2     252 (00009480)     _FlagOld_VoltRef
000094b3     252 (00009480)     _Flag_FreqRef
000094b4     252 (00009480)     _FlagOld_FreqRef
000094b5     252 (00009480)     _Flag_PowerOnRef
000094b6     252 (00009480)     _Operation_ineffective
000094b7     252 (00009480)     _Rst_Flag_HMI
000094b8     252 (00009480)     _Rst_Flag_HMIOld
000094ba     252 (00009480)     _FpgaIdRef
000094bc     252 (00009480)     _FpgaIqRef
000094be     252 (00009480)     _MotorVolt_Imbalance

000094c0     253 (000094c0)     _MotorCurr_Imbalance
000094c2     253 (000094c0)     _FlowRate
000094c4     253 (000094c0)     _UdcOffset_Outer
000094c6     253 (000094c0)     _FltThr_OverTemp_Transformer
000094c8     253 (000094c0)     _FltThr_OverTemp_Inverter
000094ca     253 (000094c0)     _FltThr_OverTemp_Rectifier
000094cc     253 (000094c0)     _Rectifier_reactor_temp
000094ce     253 (000094c0)     _Inverter_reactor_temp
000094d0     253 (000094c0)     _Transformer_temp
000094d2     253 (000094c0)     _CtrlThr_ReactorOn_TempH
000094d4     253 (000094c0)     _CtrlThr_ReactorOff_TempH
000094d6     253 (000094c0)     _SOGI_FreqMea
000094d8     253 (000094c0)     _SOGI_FreqMeaf
000094da     253 (000094c0)     _SOGI_Freqff
000094dc     253 (000094c0)     _SOGI_wFreqErr
000094de     253 (000094c0)     _UgalDire
000094e0     253 (000094c0)     _UgalQuar
000094e2     253 (000094c0)     _UgbeDire
000094e4     253 (000094c0)     _UgbeQuar
000094e6     253 (000094c0)     _UgalErr
000094e8     253 (000094c0)     _UgbeErr
000094ea     253 (000094c0)     _mpr_udc
000094ec     253 (000094c0)     _mpr_udcf
000094ee     253 (000094c0)     _mpr_ua
000094f0     253 (000094c0)     _mpr_ub
000094f2     253 (000094c0)     _mpr_uc
000094f4     253 (000094c0)     _mpr_uab
000094f6     253 (000094c0)     _mpr_ubc
000094f8     253 (000094c0)     _mpr_uca
000094fa     253 (000094c0)     _mpr_uabf
000094fc     253 (000094c0)     _mpr_ubcf
000094fe     253 (000094c0)     _mpr_ucaf

00009500     254 (00009500)     _mpr_ual
00009502     254 (00009500)     _mpr_ube
00009504     254 (00009500)     _UGal_D90
00009506     254 (00009500)     _UGbe_D90
00009508     254 (00009500)     _mpr_ual_p
0000950a     254 (00009500)     _mpr_ube_p
0000950c     254 (00009500)     _mpr_ual_n
0000950e     254 (00009500)     _mpr_ube_n
00009510     254 (00009500)     _mpr_ud
00009512     254 (00009500)     _mpr_uq
00009514     254 (00009500)     _mpr_udf
00009516     254 (00009500)     _mpr_uqf
00009518     254 (00009500)     _mpr_udp
0000951a     254 (00009500)     _mpr_uqp
0000951c     254 (00009500)     _mpr_udn
0000951e     254 (00009500)     _mpr_uqn
00009520     254 (00009500)     _mpr_udpf
00009522     254 (00009500)     _mpr_uqpf
00009524     254 (00009500)     _mpr_udnf
00009526     254 (00009500)     _mpr_uqnf
00009528     254 (00009500)     _mpr_ia
0000952a     254 (00009500)     _mpr_ib
0000952c     254 (00009500)     _mpr_ic
0000952e     254 (00009500)     _mpr_isum
00009530     254 (00009500)     _mpr_ipeak
00009532     254 (00009500)     _mpr_ial
00009534     254 (00009500)     _mpr_ibe
00009536     254 (00009500)     _Igal_D90
00009538     254 (00009500)     _Igbe_D90
0000953a     254 (00009500)     _Igal_N
0000953c     254 (00009500)     _Igbe_N
0000953e     254 (00009500)     _mpr_id

00009540     255 (00009540)     _mpr_iq
00009542     255 (00009540)     _mpr_iod
00009544     255 (00009540)     _mpr_ioq
00009546     255 (00009540)     _mpr_iodf
00009548     255 (00009540)     _mpr_ioqf
0000954a     255 (00009540)     _mpr_idn
0000954c     255 (00009540)     _mpr_iqn
0000954e     255 (00009540)     _mpr_idf
00009550     255 (00009540)     _mpr_iqf
00009552     255 (00009540)     _mpr_idnf
00009554     255 (00009540)     _mpr_iqnf
00009556     255 (00009540)     _npr_ifa
00009558     255 (00009540)     _npr_ifb
0000955a     255 (00009540)     _npr_ifc
0000955c     255 (00009540)     _npr_ifal
0000955e     255 (00009540)     _npr_ifbe
00009560     255 (00009540)     _npr_ifd
00009562     255 (00009540)     _npr_ifq
00009564     255 (00009540)     _mpr_freq
00009566     255 (00009540)     _mpr_freqf
00009568     255 (00009540)     _GridVolt_Angle
0000956a     255 (00009540)     _GridCurrent_Angle
0000956c     255 (00009540)     _GridUconvert_Angle
0000956e     255 (00009540)     _MotorVolt_Angle
00009570     255 (00009540)     _MotorVolt_Freq
00009572     255 (00009540)     _MotorVolt_AngleComp
00009574     255 (00009540)     _UsCtrl_Al
00009576     255 (00009540)     _UsCtrl_Be
00009578     255 (00009540)     _UsCtrl_Aln
0000957a     255 (00009540)     _UsCtrl_Ben
0000957c     255 (00009540)     _UsCtrl_AlG
0000957e     255 (00009540)     _UsCtrl_BeG

00009580     256 (00009580)     _UsCtrl_AlGn
00009582     256 (00009580)     _UsCtrl_BeGn
00009584     256 (00009580)     _UsCtrl_AlAll
00009586     256 (00009580)     _UsCtrl_BeAll
00009588     256 (00009580)     _UsCtrl_d
0000958a     256 (00009580)     _UsCtrl_q
0000958c     256 (00009580)     _UsCtrl_dn
0000958e     256 (00009580)     _UsCtrl_qn
00009590     256 (00009580)     _Ua_Rms
00009592     256 (00009580)     _Ub_Rms
00009594     256 (00009580)     _Uc_Rms
00009596     256 (00009580)     _Ua_Rmsf
00009598     256 (00009580)     _Ub_Rmsf
0000959a     256 (00009580)     _Uc_Rmsf
0000959c     256 (00009580)     _Uab_Rms
0000959e     256 (00009580)     _Ubc_Rms
000095a0     256 (00009580)     _Uca_Rms
000095a2     256 (00009580)     _Uab_Rmsf
000095a4     256 (00009580)     _Ubc_Rmsf
000095a6     256 (00009580)     _Uca_Rmsf
000095a8     256 (00009580)     _vLine_max
000095aa     256 (00009580)     _vLine_min
000095ac     256 (00009580)     _vLine_avg
000095ae     256 (00009580)     _UalbeP_Rms
000095b0     256 (00009580)     _UalbeN_Rms
000095b2     256 (00009580)     _UalbeP_Rmsf
000095b4     256 (00009580)     _UalbeN_Rmsf
000095b6     256 (00009580)     _Ia_Rms
000095b8     256 (00009580)     _Ib_Rms
000095ba     256 (00009580)     _Ic_Rms
000095bc     256 (00009580)     _Ia_Rmsf
000095be     256 (00009580)     _Ib_Rmsf

000095c0     257 (000095c0)     _Ic_Rmsf
000095c2     257 (000095c0)     _Iphase_min
000095c4     257 (000095c0)     _Iphase_max
000095c6     257 (000095c0)     _Iphase_avg
000095c8     257 (000095c0)     _Iaf_Rms
000095ca     257 (000095c0)     _Ibf_Rms
000095cc     257 (000095c0)     _Icf_Rms
000095ce     257 (000095c0)     _Iaf_Rmsf
000095d0     257 (000095c0)     _Ibf_Rmsf
000095d2     257 (000095c0)     _Icf_Rmsf
000095d4     257 (000095c0)     _Ifphase_min
000095d6     257 (000095c0)     _Ifphase_max
000095d8     257 (000095c0)     _NPR_Power
000095da     257 (000095c0)     _NPR_ReactPower
000095dc     257 (000095c0)     _Power_Factor
000095de     257 (000095c0)     _GridVolt_Imbalance
000095e0     257 (000095c0)     _MPR_Ps
000095e2     257 (000095c0)     _MPR_Qs
000095e4     257 (000095c0)     _MPR_Ss
000095e6     257 (000095c0)     _MPR_PsACK
000095e8     257 (000095c0)     _MPR_QsACK
000095ea     257 (000095c0)     _MPR_SsACK
000095ec     257 (000095c0)     _Volt_Imbalance
000095ee     257 (000095c0)     _Curr_Imbalance
000095f0     257 (000095c0)     _Ioa_Rms
000095f2     257 (000095c0)     _Iob_Rms
000095f4     257 (000095c0)     _Ioc_Rms
000095f6     257 (000095c0)     _UabBus1_Rms
000095f8     257 (000095c0)     _UbcBus1_Rms
000095fa     257 (000095c0)     _UcaBus1_Rms
000095fc     257 (000095c0)     _UabBus2_Rms
000095fe     257 (000095c0)     _UbcBus2_Rms

00009600     258 (00009600)     _UcaBus2_Rms
00009602     258 (00009600)     _Ioa_Rmsf
00009604     258 (00009600)     _Iob_Rmsf
00009606     258 (00009600)     _Ioc_Rmsf
00009608     258 (00009600)     _UabBus1_Rmsf
0000960a     258 (00009600)     _UbcBus1_Rmsf
0000960c     258 (00009600)     _UcaBus1_Rmsf
0000960e     258 (00009600)     _UabBus2_Rmsf
00009610     258 (00009600)     _UbcBus2_Rmsf
00009612     258 (00009600)     _UcaBus2_Rmsf
00009614     258 (00009600)     _Idq_Loop_Kp
00009616     258 (00009600)     _Idq_Loop_Ki
00009618     258 (00009600)     _Id_Loop_Lim
0000961a     258 (00009600)     _Iq_Loop_Lim
0000961c     258 (00009600)     _Idq_Loop_Lim
0000961e     258 (00009600)     _Id_Loop_Kp
00009620     258 (00009600)     _Id_Loop_Ki
00009622     258 (00009600)     _Id_Loop_Kd
00009624     258 (00009600)     _Errtotal_Id
00009626     258 (00009600)     _Id_Loop_Out
00009628     258 (00009600)     _Iq_Loop_Kp
0000962a     258 (00009600)     _Iq_Loop_Ki
0000962c     258 (00009600)     _Iq_Loop_Kd
0000962e     258 (00009600)     _Errtotal_Iq
00009630     258 (00009600)     _Iq_Loop_Out
00009632     258 (00009600)     _Idn_Loop_Kp
00009634     258 (00009600)     _Idn_Loop_Ki
00009636     258 (00009600)     _Idn_Loop_Kd
00009638     258 (00009600)     _Errtotal_Idn
0000963a     258 (00009600)     _Idn_Loop_Out
0000963c     258 (00009600)     _Idn_Loop_Lim
0000963e     258 (00009600)     _Iqn_Loop_Kp

00009640     259 (00009640)     _Iqn_Loop_Ki
00009642     259 (00009640)     _Iqn_Loop_Kd
00009644     259 (00009640)     _Errtotal_Iqn
00009646     259 (00009640)     _Iqn_Loop_Lim
00009648     259 (00009640)     _Iqn_Loop_Out
0000964a     259 (00009640)     _Udc_Loop_Kp1
0000964c     259 (00009640)     _Udc_Loop_Ki1
0000964e     259 (00009640)     _Udc_Loop_Kd1
00009650     259 (00009640)     _Udc_Loop_Kp2
00009652     259 (00009640)     _Udc_Loop_Ki2
00009654     259 (00009640)     _Udc_Loop_Kd2
00009656     259 (00009640)     _Errtotal_Udc
00009658     259 (00009640)     _Udq_Loop_Kp
0000965a     259 (00009640)     _Udq_Loop_Ki
0000965c     259 (00009640)     _Udq_Loop_Lim
0000965e     259 (00009640)     _Ud_Loop_Kp
00009660     259 (00009640)     _Ud_Loop_Ki
00009662     259 (00009640)     _Errtotal_Ud
00009664     259 (00009640)     _Ud_Loop_Out
00009666     259 (00009640)     _Uq_Loop_Kp
00009668     259 (00009640)     _Uq_Loop_Ki
[...]
1     0000972c  _KW_Lim                             
1     0000972e  _kW_cal_step                        
1     00009730  _KVar_Lim                           
1     00009732  _KVar_filter_Comp                   
1     00009734  _Ig_Lim                             
1     00009736  _IdRef_Outer                        
1     00009738  _IqRef_Outer                        
1     0000973a  _UdRefRef_Outer                     
1     0000973c  _UdRefRefOld_Outer                  
1     0000973e  _IgdRefRef                          
1     00009740  _IgdRef                             
1     00009742  _Igd_Lim                            
1     00009744  _Id_cal_step                        
1     00009746  _IgqRefRef                          
1     00009748  _IgqRef                             
1     0000974a  _Igq_Lim                            
1     0000974c  _Iq_cal_step                        
1     0000974e  _UsdRefRef_Buf                      
1     00009750  _MotorFreqRef_PC                    
1     00009752  _MotorFreqRef_CAN                   
1     00009754  _MotorFreqRef_HMI                   
1     00009756  _UsdRefRef_PC                       
1     00009758  _UsdRefRef_CAN                      
1     0000975a  _UsdRefRef_HMI                      
1     0000975c  _UsdRefRefOld_PC                    
1     0000975e  _UsdRefRefOld_CAN                   
1     00009760  _UsdRefRefOld_HMI                   
1     00009762  _MotorFreqRef                       
1     00009764  _MotorFreqRefOld                    
1     00009766  _FpgaMotorFreq                      
1     00009768  _Ud_cal_step                        
1     0000976a  _Usd_Lim                            
1     0000976c  _UdRef_All                          
1     0000976e  _UqRef_All                          
1     00009770  _UsdRefRef                          
1     00009772  _UsdRef                             
1     00009774  _UsqRefRef                          
1     00009776  _UsqRef                             
1     00009778  _FastChar_HighVolt                  
1     0000977a  _FastChar_AfterVolt                 
1     0000977c  _FastChar_ExitCurrSet               
1     0000977e  _FastChar_Rate                      
1     00009780  _FastChar_RiseStep                  
1     00009782  _FastChar_DownStep                  
1     00009784  _FastChar_UdRefLock                 
1     00009786  _FastChar_UdRefRef                  
1     00009788  _FastChar_UdRef                     
1     0000978a  _FastChar_RiseGiven                 
1     0000978c  _FastChar_DownGiven                 
1     0000978e  _FastChar_UsdOld                    
1     00009790  _FastChar_UsqOld                    
1     00009792  _FastChar_DCOffset                  
1     00009794  _FastChar_CtrlCount                 
1     00009796  _FastChar_HoleCount                 
1     00009798  _FastChar_DownCount                 
1     0000979a  _FastChar_UdCompon                  
1     0000979c  _FastChar_UqCompon                  
1     0000979e  _Udc_SetSet                         
1     000097a0  _Udc_cal_step                       
1     000097a2  _RatedPara_GridVoltage              
1     000097a4  _RatedPara_GridCurrent              
1     000097a6  _RatedPara_GridFrequency            
1     000097a8  _MotorSideCapacity                  
1     000097aa  _MotorSideVoltage                   
1     000097ac  _MotorSideCurrent                   
1     000097ae  _K_IfcForw                          
1     000097b0  _FilterPara_Induct                  
1     000097b2  _FilterPara_Capacity                
1     000097b4  _NPR_AngleCompensation              
1     000097b6  _Para_IoFwdCoeff                    
1     000097b8  _CtrlThr_ChopIn_UdcH                
1     000097ba  _CtrlThr_ChopOut_UdcL               
1     000097bc  _CtrlThr_FanIgbtOn_TempH            
1     000097be  _CtrlThr_FanIgbtOff_TempL           
1     000097c0  _CtrlThr_LockPwm_Ipeak              
1     000097c2  _CtrlThr_UnLockPwm_Ipeak            
1     000097c4  _HeartbeatCheck1                    
1     000097c7  _HeartbeatCheck2                    
1     000097ca  _Conv_List_Ver                      
1     000097fe  _Curr_Har1_EnDelayCount             
1     000097ff  _Curr_Har2_EnDelayCount             
1     00009800  _SCIBRecvBuffer                     
1     00009be0  _DataLog_SaveAnalogCHID             
1     00009c00  _NodeEnergy                         
1     00009d29  _CANARPDO                           
1     00009d39  _MCBSP_Init_1msOld                  
1     00009d3a  _MCBSP_InitCount                    
1     00009d3b  _FlashBufShadow                     
1     00009d42  _gHalCanBaudValue                   
1     00009d44  _gHalCanErrorCount                  
1     00009d46  _gHalCanBusoffCount                 
1     00009dfc  _SendFlag1                          
1     00009dfd  _SendFlag2                          
1     00009dfe  _SendFlag3                          
1     00009dff  _SendFlag4                          
1     00009e00  _NODE_STATE                         
1     00009e01  _PDO_SEND_FLAG                      
1     00009e02  _NMTTimeInterval                    
1     00009e03  _device_name                        
1     00009e04  _data_1005                          
1     00009e05  _data_1006                          
1     00009e06  _data_100C                          
1     00009e07  _data_100D                          
1     00009e08  _Guard_time                         
1     00009e09  _Life_factor                        
1     00009e0a  _CANSend_1ms                        
1     00009e0b  _CANSend_1msOld                     
1     00009e0c  _ECAN_CommFlag                      
1     00009e0d  _CANAMB0SendFront                   
1     00009e0e  _CANAMB0SendTeal                    
1     00009e0f  _ECANA_CH1_SDOIndex                 
1     00009e10  _ECANA_CH1_SDOSubIndex              
1     00009e11  _CANAMB4RecvFront                   
1     00009e12  _CANAMB4RecvTeal                    
1     00009e13  _CANA_CH1_HCount                    
1     00009e14  _CANA_CH1_LCount                    
1     00009e15  _CANAMB5RecvFront                   
1     00009e16  _CANAMB5RecvTeal                    
1     00009e17  _CANA_CH2_HCount                    
1     00009e18  _CANA_CH2_LCount                    
1     00009e19  _CANAMB6RecvFront                   
1     00009e1a  _CANAMB6RecvTeal                    
1     00009e1b  _CANA_CH3_HCount                    
1     00009e1c  _CANA_CH3_LCount                    
1     00009e1d  _CANAMB7RecvFront                   
1     00009e1e  _CANAMB7RecvTeal                    
1     00009e1f  _CANA_CH4_HCount                    
1     00009e20  _CANA_CH4_LCount                    
1     00009e21  _CANAMB8RecvFront                   
1     00009e22  _CANAMB8RecvTeal                    
1     00009e23  _CANA_CH5_HCount                    
1     00009e24  _CANA_CH5_LCount                    
1     00009e25  _CANBMB0PDOSendFront                
1     00009e26  _CANBMB0PDOSendTeal                 
1     00009e27  _CANBMB0SDOSendFront                
1     00009e28  _CANBMB0SDOSendTeal                 
1     00009e29  _CANBMB4RecvFront                   
1     00009e2a  _CANBMB4RecvTeal                    
1     00009e2b  _CANBMB5RecvFront                   
1     00009e2c  _CANBMB5RecvTeal                    
1     00009e2d  _SCICRecvTail                       
1     00009e2e  _SCICRecvFront                      
1     00009e2f  _SCICSendTail                       
1     00009e30  _SCICSendFront                      
1     00009e31  _Modbus_1ms                         
1     00009e32  _Mon_Recv_Status                    
1     00009e33  _SCIBSendFront                      
1     00009e34  _SCIBSendTail                       
1     00009e35  _SCIBRecvFront                      
1     00009e36  _SCIBRecvTail                       
1     00009e37  _SCIBSend_1ms                       
1     00009e38  _SoftScope_sts                      
1     00009e39  _SoftScope_Counter                  
1     00009e3a  _SoftScope_DataLen                  
1     00009e3b  _SoftScope_OutQueueNum              
1     00009e3c  _SoftScope_SendDataNum              
1     00009e3d  _SoftScope_OnOffCmd                 
1     00009e3e  _SoftScope_SampleInterval           
1     00009e3f  _SoftScope_AnalogCHNum              
1     00009e40  _SoftScope_DigitCHNum               
1     00009e41  _SoftScope_SampleFreq               
1     00009e42  _EventLog_ReadCmd                   
1     00009e43  _EventLog_SaveFront                 
1     00009e44  _EventLog_SaveEnd                   
1     00009e45  _EventLog_Test                      
1     00009e46  _EventLogStep                       
1     00009e47  _EventLog_HardReset                 
1     00009e48  _DataLog_CtrlCmd                    
1     00009e49  _DataLog_TrigMode                   
1     00009e4a  _DataLog_ManTrigCmd                 
1     00009e4b  _DataLog_AnalagCHNum                
1     00009e4c  _DataLog_DigitCHNum                 
1     00009e4d  _DataLog_SampPeriod                 
1     00009e4e  _DataLog_Savepers                   
1     00009e4f  _DataLog_TrigAnalogCHEnSet          
1     00009e50  _DataLog_TrigAnalogCHModeSet        
1     00009e51  _DataLog_TrigDigitCHEnSet           
1     00009e52  _DataLog_TrigDigitCHModeSet         
1     00009e53  _DataLog_ReadCmd                    
1     00009e54  _DataLog_PermitMaxNum               
1     00009e55  _DataLog_TotalNum                   
1     00009e56  _DataLog_NewestNum                  
1     00009e57  _DataLog_NewestNumOld               
1     00009e58  _DataLog_IndexSendNum               
1     00009e59  _DataLog_DataSendNum                
1     00009e5a  _DataLog_NumCount                   
1     00009e5b  _DataLog_TrigDigitValueOld          
1     00009e5c  _DataLog_SaveStepCount              
1     00009e5d  _DataLogStep                        
1     00009e5e  _ParaDownloadCtrlWord               
1     00009e5f  _ParaDownloadFaultNum               
1     00009e60  _SRAM_RandomRead_Value              
1     00009e61  _SPI_EEPRPM_BusyStatus              
1     00009e62  _SPIaddrPage                        
1     00009e63  _SPIaddrOffset                      
1     00009e64  _EEPROMWriteCtrl                    
1     00009e65  _EEPROMReadCtrl                     
1     00009e66  _EEPROMAceNum                       
1     00009e67  _RTCAccessStatus                    
1     00009e68  _SysTime_Second                     
1     00009e69  _SysTime_Minute                     
1     00009e6a  _SysTime_Hour                       
1     00009e6b  _SysTime_Day                        
1     00009e6c  _SysTime_Month                      
1     00009e6d  _SysTime_Year                       
1     00009e6e  _SysTime_MicroSecond                
1     00009e6f  _RealTime1ms                        
1     00009e70  _Flash_Capacity                     
1     00009e71  _Flash_Step                         
1     00009e72  _Flash_SubStep                      
1     00009e73  _Flash_Access_1ms                   
1     00009e74  _Modbus_RecvFront                   
1     00009e75  _Modbus_RecvTail                    
1     00009e76  _Modbus_SendFront                   
1     00009e77  _Modbus_SendTail                    
1     00009e78  _SoftScope_FSNCount                 
1     00009e7a  _EventLog_ReadFromNum               
1     00009e7c  _EventLog_ReadEndNum                
1     00009e7e  _EventLog_ReadCurrNum               
1     00009e80  _EventLog_ReadDeltaNum              
1     00009e82  _EventLog_SendedNum                 
1     00009e84  _EventLog_TotalNum                  
1     00009e86  _EventLog_NewestNum                 
1     00009e88  _EventLog_NewestNumOld              
1     00009e8a  _EventLog_PermitMaxNum              
1     00009e8c  _DataLog_ReadEndNum                 
1     00009e8e  _DataLog_ReadFromNum                
1     00009e90  _SRAM_RandomRead_Addr               
1     00009e92  _SRAM_RandomRead_LValue             
1     00009e94  _ulRealTimeSecond                   
1     00009e96  _ulRealTimeSecondSet                
1     00009e98  _Time_H                             
1     00009e9a  _Time_L                             
1     00009e9c  _Flash_Access_Ctrl                  
1     00009e9e  _Flash_Fault_Count1ms               
1     00009ea0  _DataLog_SaveDigitCHBit             
1     00009f60  _DataLog_SaveDigitCHID              
1     00009f80  _DataLog_ChannelSend                
1     0000a002  _Conv_Type_Ver                      
1     0000a036  _NMT_COMM                           
1     0000a037  _NMT_COMMOld                        
1     0000a038  _CANBSendReset_1ms                  
1     0000a039  _CANBSendRepeat_1ms                 
1     0000a03a  _CANBSendGP_1ms                     
1     0000a03b  _NODE_ID                            
1     0000a03c  _CanBSendCtrl                       
1     0000a040  _DataLog_Trig                       
1     0000a0c2  _RTM_File_Ver                       
1     0000a0f6  _FPGA_Ver                           
1     0000a100  _EventLog_ReadBuf                   
1     0000a180  _EventLog_SaveBuf                   
1     0000a200  _Modbus_RecvBuffer                  
1     0000a280  _Modbus_SendBuffer                  
1     0000a300  _SPIBuffer                          
1     0000a380  _fCycBuf                            
1     0000a400  _fIsrBuf                            
1     0000a480  _iCycBuf                            
1     0000a500  _iIsrBuf                            
1     0000a580  _lCycBuf                            
1     0000a600  _lIsrBuf                            
1     0000a680  _sBalanceDataGroup                  
1     0000a683  _sThdDataGroup                      
1     0000a689  _sPowerDataGroup                    
1     0000a6c0  _sEnergyDataGroup                   
1     0000a6fd  _EventLog_BufCount                  
1     0000a6fe  _EventLog_PageAddrOld               
1     0000a700  _CANAMB0SendBuffer                  
1     0000a760  _InputRegBuf                        
1     0000a780  _DataLog_AnalogAddr                 
1     0000a7c0  _DataLog_DigitAddr                  
1     0000a800  _Soft_Ver                           
1     0000a834  _DataLog_1msOld                     
1     0000a835  _DataLogTran_1msOld                 
1     0000a836  _DataLog_SampleCount                
1     0000a837  _DataLog_DelayCount                 
1     0000a838  _DataLog_SaveCHNum                  
1     0000a83a  _DataLog_ReadPoint                  
1     0000a83c  _DataLog_Fsn                        
1     0000a83e  _DataLog_PageAddrOld                
1     0000a840  _HoldRegBuf                         
1     0000a876  _ghalTimer0Callback                 
1     0000a87c  _MCS2MPRSend_1msOld                 
1     0000a87d  _MCS2MPRSend_1msOld_forNode         
1     0000a87e  _MCS2MPR_SDOCycleSendIndexCount     
1     0000a87f  _MCS2MPR_SDOCycleSendSubindexCount  
1     0000a880  _SoftScope_buffer                   
1     0000a8b2  _Flash_PSNSerial                    
1     0000a8bb  _MCS2MPR_NodeID                     
1     0000a8bc  _BaundNum                           
1     0000a8bd  _ECANB_PDOTimeInterval              
1     0000a8be  _MCS2MPR_SDOTimeInterval            
1     0000a8bf  _MCS2MPR_Reserved                   
1     0000a8c0  _CANBMB0PDOSendBuffer               
1     0000a8f0  _CANATPDO                           
1     0000a900  _CANBMB0SDOSendBuffer               
1     0000a930  _CANBRPDO                           
1     0000a940  _CANBMB4RecvBuffer                  
1     0000a970  _CANBTPDO                           
1     0000a980  _CANBMB5RecvBuffer                  
1     0000a9b0  _InterADValue                       
1     0000a9e8  _CpuTimer0                          
1     0000a9f0  _CpuTimer1                          
1     0000a9f8  _CpuTimer2                          
1     0000aa00  _GroupCtrl                          
1     0000aa23  _ParaDownloadCtrlWordOld            
1     0000aa40  _ResSample                          
1     0000aa60  _TemprCalc                          
1     0000aa80  _VolSample                          
1     0000aaa0  _CANAMB4RecvBuffer                  
1     0000aab8  _DataLog_TrigAnalogAddr             
1     0000aac0  _CANAMB5RecvBuffer                  
1     0000aad8  _CANAMB6RecvBuffer                  
1     0000aaf0  _Monitor_ADDR                       
1     0000ab00  _CANAMB7RecvBuffer                  
1     0000ab18  _CANAMB8RecvBuffer                  
1     0000ab30  _NTC_tempf                          
1     0000ab40  _SoftScope_AnalogChaddr             
1     0000ab50  _SoftScope_DigitChaddr              
1     0000ab60  _DataLog_TrigDigitAddr              
1     0000ab68  _SoftScope_AnalogChID               
1     0000ab70  _SoftScope_DigitChBit               
1     0000ab78  _SoftScope_DigitChID                
1     0000ab88  _ECANA_CH2_NodeID                   
1     0000ab89  _ECANA_MPR2NPR_NodeID               
1     0000ab8a  _ECANA_Reserved                     
1     0000ab8b  _ECANA_Toggle                       
1     0000ab8c  _ECANA_PDOTimeInterval              
1     0000ab8d  _ECANA_NMTTimeInterval              
1     0000ab8e  _MonTx_EndReal                      
1     0000ab8f  _MonTx_1msValueOld                  
1     0000ab90  _MonTx_Flag                         
1     0000ab91  _MonTx_1msCount                     
1     0000ab92  _MonTx_BusyCount                    
1     0000ab93  _TxPINFlag                          
1     0000ab94  ___TI_enable_exit_profile_output    
1     0000ab96  ___TI_cleanup_ptr                   
1     0000ab98  ___TI_dtors_ptr                     
1     0000ab9a  _BOARD_ADDR                         
1     0000ab9b  _RTM_Reserved                       
1     0000ab9c  _RTM_fReserved                      
1     0000ab9e  _DataLog_TrigAnalogCHID             
1     0000aba2  _DataLog_TrigAnalogCHThr            
1     0000aba6  _DataLog_TrigAnalogValueOld         
1     0000abaa  _DataLog_TrigDigitCHBit             
1     0000abae  _DataLog_TrigDigitCHID              
1     0000abb2  _RTUGroup                           
1     0000abb6  _SpCAN_CallbackTx                   
1     0000abc0  _CANA_Send_Busy                     
1     0000abc1  _CANASendReset_1ms                  
1     0000abc2  _CANASendGP_1ms                     
1     0000abc3  _Flash_MID                          
1     0000abd0  __lock                              
1     0000abd2  __unlock                            
1     0000abd6  _RTU_Reserved                       
1     0000abd7  _SCope_Time1msOld                   
1     0000f000  _SDSendBuff                         
1     0000f0c0  _SDRecvBuff                         
1     00200000  _DataLog_Buf                        
1     0022bf40  _DataLog_SendBuf                    
1     0033fff8  _CsmPwl                             
1     00380090  _PartIdRegs                         
abs   00000300  __STACK_SIZE                        
abs   ffffffff  ___TI_pprof_out_hndl                
abs   ffffffff  ___TI_prof_data_size                
abs   ffffffff  ___TI_prof_data_start               
abs   ffffffff  ___binit__                          
abs   ffffffff  ___c_args__                         
abs   ffffffff  ___pinit__                          
abs   ffffffff  binit                               
abs   ffffffff  pinit                               

[1405 symbols]
